Component: ARM Compiler 5.06 (build 20) Tool: armlink [4d35a3]

==============================================================================

Section Cross References

    stm32f4xx_it.o(i.I2C1_ER_IRQHandler) refers to stm32f4xx_hal_i2c.o(i.HAL_I2C_ER_IRQHandler) for HAL_I2C_ER_IRQHandler
    stm32f4xx_it.o(i.I2C1_ER_IRQHandler) refers to i2c_slave_cgroup.o(.bss) for hi2c1
    stm32f4xx_it.o(i.I2C1_EV_IRQHandler) refers to stm32f4xx_hal_i2c.o(i.HAL_I2C_EV_IRQHandler) for HAL_I2C_EV_IRQHandler
    stm32f4xx_it.o(i.I2C1_EV_IRQHandler) refers to i2c_slave_cgroup.o(.bss) for hi2c1
    stm32f4xx_it.o(i.USART2_IRQHandler) refers to stm32f4xx_hal_uart.o(i.HAL_UART_IRQHandler) for HAL_UART_IRQHandler
    stm32f4xx_it.o(i.USART2_IRQHandler) refers to uart_cgroup.o(.bss) for huart2
    main.o(i.SystemClock_Config) refers to stm32f4xx_hal_rcc.o(i.HAL_RCC_OscConfig) for HAL_RCC_OscConfig
    main.o(i.SystemClock_Config) refers to stm32f4xx_hal_rcc.o(i.HAL_RCC_ClockConfig) for HAL_RCC_ClockConfig
    main.o(i.SystemClock_Config) refers to stm32f4xx_hal_rcc.o(i.HAL_RCC_GetHCLKFreq) for HAL_RCC_GetHCLKFreq
    main.o(i.SystemClock_Config) refers to stm32f4xx_hal_cortex.o(i.HAL_SYSTICK_Config) for HAL_SYSTICK_Config
    main.o(i.SystemClock_Config) refers to stm32f4xx_hal_cortex.o(i.HAL_SYSTICK_CLKSourceConfig) for HAL_SYSTICK_CLKSourceConfig
    main.o(i.main) refers to rt_cmsis.o(i.osKernelInitialize) for osKernelInitialize
    main.o(i.main) refers to stm32f4xx_hal.o(i.HAL_Init) for HAL_Init
    main.o(i.main) refers to main.o(i.SystemClock_Config) for SystemClock_Config
    main.o(i.main) refers to thread.o(i.MX_GPIO_Init) for MX_GPIO_Init
    main.o(i.main) refers to uart_cgroup.o(i.MX_USART2_UART_Init) for MX_USART2_UART_Init
    main.o(i.main) refers to i2c_slave_cgroup.o(i.MX_I2C1_Init) for MX_I2C1_Init
    main.o(i.main) refers to adc_cgroup.o(i.MX_ADC1_Init) for MX_ADC1_Init
    main.o(i.main) refers to pwm_cgroup.o(i.MX_PWM_TIM2_Init) for MX_PWM_TIM2_Init
    main.o(i.main) refers to pwm_cgroup.o(i.MX_PWM_TIM3_Init) for MX_PWM_TIM3_Init
    main.o(i.main) refers to stm32f4xx_hal_gpio.o(i.HAL_GPIO_WritePin) for HAL_GPIO_WritePin
    main.o(i.main) refers to thread.o(i.Init_Thread) for Init_Thread
    main.o(i.main) refers to rt_cmsis.o(i.osKernelStart) for osKernelStart
    stm32f4xx_hal_msp.o(i.HAL_ADC_MspDeInit) refers to stm32f4xx_hal_gpio.o(i.HAL_GPIO_DeInit) for HAL_GPIO_DeInit
    stm32f4xx_hal_msp.o(i.HAL_ADC_MspInit) refers to stm32f4xx_hal_gpio.o(i.HAL_GPIO_Init) for HAL_GPIO_Init
    stm32f4xx_hal_msp.o(i.HAL_I2C_MspDeInit) refers to stm32f4xx_hal_gpio.o(i.HAL_GPIO_DeInit) for HAL_GPIO_DeInit
    stm32f4xx_hal_msp.o(i.HAL_I2C_MspDeInit) refers to stm32f4xx_hal_cortex.o(i.HAL_NVIC_DisableIRQ) for HAL_NVIC_DisableIRQ
    stm32f4xx_hal_msp.o(i.HAL_I2C_MspInit) refers to stm32f4xx_hal_gpio.o(i.HAL_GPIO_Init) for HAL_GPIO_Init
    stm32f4xx_hal_msp.o(i.HAL_I2C_MspInit) refers to stm32f4xx_hal_cortex.o(i.HAL_NVIC_SetPriority) for HAL_NVIC_SetPriority
    stm32f4xx_hal_msp.o(i.HAL_I2C_MspInit) refers to stm32f4xx_hal_cortex.o(i.HAL_NVIC_EnableIRQ) for HAL_NVIC_EnableIRQ
    stm32f4xx_hal_msp.o(i.HAL_MspInit) refers to stm32f4xx_hal_cortex.o(i.HAL_NVIC_SetPriorityGrouping) for HAL_NVIC_SetPriorityGrouping
    stm32f4xx_hal_msp.o(i.HAL_MspInit) refers to stm32f4xx_hal_cortex.o(i.HAL_NVIC_SetPriority) for HAL_NVIC_SetPriority
    stm32f4xx_hal_msp.o(i.HAL_TIM_PWM_MspDeInit) refers to stm32f4xx_hal_gpio.o(i.HAL_GPIO_DeInit) for HAL_GPIO_DeInit
    stm32f4xx_hal_msp.o(i.HAL_TIM_PWM_MspInit) refers to stm32f4xx_hal_gpio.o(i.HAL_GPIO_Init) for HAL_GPIO_Init
    stm32f4xx_hal_msp.o(i.HAL_UART_MspDeInit) refers to stm32f4xx_hal_gpio.o(i.HAL_GPIO_DeInit) for HAL_GPIO_DeInit
    stm32f4xx_hal_msp.o(i.HAL_UART_MspDeInit) refers to stm32f4xx_hal_cortex.o(i.HAL_NVIC_DisableIRQ) for HAL_NVIC_DisableIRQ
    stm32f4xx_hal_msp.o(i.HAL_UART_MspInit) refers to stm32f4xx_hal_gpio.o(i.HAL_GPIO_Init) for HAL_GPIO_Init
    stm32f4xx_hal_msp.o(i.HAL_UART_MspInit) refers to stm32f4xx_hal_cortex.o(i.HAL_NVIC_SetPriority) for HAL_NVIC_SetPriority
    stm32f4xx_hal_msp.o(i.HAL_UART_MspInit) refers to stm32f4xx_hal_cortex.o(i.HAL_NVIC_EnableIRQ) for HAL_NVIC_EnableIRQ
    adc_cgroup.o(i.MX_ADC1_Init) refers to stm32f4xx_hal_adc.o(i.HAL_ADC_Init) for HAL_ADC_Init
    adc_cgroup.o(i.MX_ADC1_Init) refers to stm32f4xx_hal_adc.o(i.HAL_ADC_ConfigChannel) for HAL_ADC_ConfigChannel
    adc_cgroup.o(i.MX_ADC1_Init) refers to adc_cgroup.o(.bss) for .bss
    adc_cgroup.o(i.adc1) refers to stm32f4xx_hal_adc.o(i.HAL_ADC_ConfigChannel) for HAL_ADC_ConfigChannel
    adc_cgroup.o(i.adc1) refers to stm32f4xx_hal_adc.o(i.HAL_ADC_Start) for HAL_ADC_Start
    adc_cgroup.o(i.adc1) refers to stm32f4xx_hal_adc.o(i.HAL_ADC_GetValue) for HAL_ADC_GetValue
    adc_cgroup.o(i.adc1) refers to adc_cgroup.o(.bss) for .bss
    i2c_slave_cgroup.o(i.HAL_I2C_SlaveTxCpltCallback) refers to stm32f4xx_hal_gpio.o(i.HAL_GPIO_TogglePin) for HAL_GPIO_TogglePin
[...]
    i.PWM_CH1_Pulse                          0x08002554   Section        0  pwm_cgroup.o(i.PWM_CH1_Pulse)
    i.PWM_CH2_Pulse                          0x0800257c   Section        0  pwm_cgroup.o(i.PWM_CH2_Pulse)
    i.PWM_CH3_Pulse                          0x080025a4   Section        0  pwm_cgroup.o(i.PWM_CH3_Pulse)
    i.PWM_CH4_Pulse                          0x080025cc   Section        0  pwm_cgroup.o(i.PWM_CH4_Pulse)
    i.STEERING_Algo                          0x080025f4   Section        0  pwm_cgroup.o(i.STEERING_Algo)
    i.SendStr                                0x08002604   Section        0  uart_cgroup.o(i.SendStr)
    i.SystemClock_Config                     0x08002634   Section        0  main.o(i.SystemClock_Config)
    i.SystemInit                             0x080026bc   Section        0  system_stm32f4xx.o(i.SystemInit)
    i.TIM_Base_SetConfig                     0x08002710   Section        0  stm32f4xx_hal_tim.o(i.TIM_Base_SetConfig)
    i.TIM_CCxChannelCmd                      0x080027a0   Section        0  stm32f4xx_hal_tim.o(i.TIM_CCxChannelCmd)
    i.TIM_OC1_SetConfig                      0x080027b8   Section        0  stm32f4xx_hal_tim.o(i.TIM_OC1_SetConfig)
    TIM_OC1_SetConfig                        0x080027b9   Thumb Code    74  stm32f4xx_hal_tim.o(i.TIM_OC1_SetConfig)
    i.TIM_OC2_SetConfig                      0x08002808   Section        0  stm32f4xx_hal_tim.o(i.TIM_OC2_SetConfig)
    i.TIM_OC3_SetConfig                      0x08002860   Section        0  stm32f4xx_hal_tim.o(i.TIM_OC3_SetConfig)
    TIM_OC3_SetConfig                        0x08002861   Thumb Code    82  stm32f4xx_hal_tim.o(i.TIM_OC3_SetConfig)
    i.TIM_OC4_SetConfig                      0x080028b8   Section        0  stm32f4xx_hal_tim.o(i.TIM_OC4_SetConfig)
    TIM_OC4_SetConfig                        0x080028b9   Thumb Code    64  stm32f4xx_hal_tim.o(i.TIM_OC4_SetConfig)
    i.UART_Receive_IT                        0x080028fc   Section        0  stm32f4xx_hal_uart.o(i.UART_Receive_IT)
    UART_Receive_IT                          0x080028fd   Thumb Code   168  stm32f4xx_hal_uart.o(i.UART_Receive_IT)
    i.UART_SetConfig                         0x080029a4   Section        0  stm32f4xx_hal_uart.o(i.UART_SetConfig)
    UART_SetConfig                           0x080029a5   Thumb Code   366  stm32f4xx_hal_uart.o(i.UART_SetConfig)
    i.UART_Transmit_IT                       0x08002b1c   Section        0  stm32f4xx_hal_uart.o(i.UART_Transmit_IT)
    UART_Transmit_IT                         0x08002b1d   Thumb Code   102  stm32f4xx_hal_uart.o(i.UART_Transmit_IT)
    i.UART_WaitOnFlagUntilTimeout            0x08002b82   Section        0  stm32f4xx_hal_uart.o(i.UART_WaitOnFlagUntilTimeout)
    UART_WaitOnFlagUntilTimeout              0x08002b83   Thumb Code   146  stm32f4xx_hal_uart.o(i.UART_WaitOnFlagUntilTimeout)
    i.USART2_IRQHandler                      0x08002c14   Section        0  stm32f4xx_it.o(i.USART2_IRQHandler)
    i.__scatterload_copy                     0x08002c20   Section       14  handlers.o(i.__scatterload_copy)
    i.__scatterload_null                     0x08002c2e   Section        2  handlers.o(i.__scatterload_null)
    i.__scatterload_zeroinit                 0x08002c30   Section       14  handlers.o(i.__scatterload_zeroinit)
    i._init_box                              0x08002c3e   Section        0  rt_membox.o(i._init_box)
    i.adc1                                   0x08002c84   Section        0  adc_cgroup.o(i.adc1)
    i.asservissement                         0x08002cb4   Section        0  thread.o(i.asservissement)
    i.blink_led                              0x08002eb8   Section        0  thread.o(i.blink_led)
    i.cam_thread                             0x08002ed8   Section        0  thread.o(i.cam_thread)
    i.dbg_init                               0x08002ef8   Section        0  hal_cm.o(i.dbg_init)
    i.dbg_task_notify                        0x08002f28   Section        0  hal_cm.o(i.dbg_task_notify)
    i.dbg_task_switch                        0x08002f48   Section        0  hal_cm.o(i.dbg_task_switch)
    i.error_led                              0x08002f58   Section        0  thread.o(i.error_led)
    i.isrMessageGet                          0x08002f78   Section        0  rt_cmsis.o(i.isrMessageGet)
    i.isrMessagePut                          0x08002fa2   Section        0  rt_cmsis.o(i.isrMessagePut)
    i.isr_mbx_receive                        0x08002fd0   Section        0  rt_mailbox.o(i.isr_mbx_receive)
    i.isr_mbx_send                           0x08003022   Section        0  rt_mailbox.o(i.isr_mbx_send)
    i.main                                   0x08003030   Section        0  main.o(i.main)
    i.malloc                                 0x08003078   Section        0  malloc.o(i.malloc)
    i.mode_thread                            0x080030e4   Section        0  thread.o(i.mode_thread)
    i.osDelay                                0x08003144   Section        0  rt_cmsis.o(i.osDelay)
    i.osKernelInitialize                     0x0800315c   Section        0  rt_cmsis.o(i.osKernelInitialize)
    i.osKernelStart                          0x08003180   Section        0  rt_cmsis.o(i.osKernelStart)
    i.osMessageCreate                        0x080031ec   Section        0  rt_cmsis.o(i.osMessageCreate)
    i.osMessageGet                           0x0800321c   Section        0  rt_cmsis.o(i.osMessageGet)
    i.osMessagePut                           0x08003234   Section        0  rt_cmsis.o(i.osMessagePut)
    i.osThreadCreate                         0x0800324c   Section        0  rt_cmsis.o(i.osThreadCreate)
    i.osThreadExit                           0x0800327c   Section        0  rt_cmsis.o(i.osThreadExit)
    i.osThreadYield                          0x08003294   Section        0  rt_cmsis.o(i.osThreadYield)
    i.osTimerCall                            0x080032ac   Section        0  rt_cmsis.o(i.osTimerCall)
    i.osTimerThread                          0x080032b8   Section        0  rt_cmsis.o(i.osTimerThread)
    i.os_error                               0x080032e4   Section        0  rtx_conf_cm.o(i.os_error)
    i.os_idle_demon                          0x080032e6   Section        0  rtx_conf_cm.o(i.os_idle_demon)
    i.os_tick_init                           0x080032e8   Section        0  rt_system.o(i.os_tick_init)
    i.os_tick_irqack                         0x08003310   Section        0  rt_system.o(i.os_tick_irqack)
    i.prop_thread                            0x08003314   Section        0  thread.o(i.prop_thread)
    i.read_i2c                               0x080033f4   Section        0  i2c_slave_cgroup.o(i.read_i2c)
    i.rt_alloc_box                           0x08003410   Section        0  rt_membox.o(i.rt_alloc_box)
    i.rt_alloc_mem                           0x0800342a   Section        0  rt_memory.o(i.rt_alloc_mem)
    i.rt_block                               0x08003468   Section        0  rt_task.o(i.rt_block)
    i.rt_chk_robin                           0x080034a0   Section        0  rt_robin.o(i.rt_chk_robin)
    i.rt_dec_dly                             0x080034e8   Section        0  rt_list.o(i.rt_dec_dly)
    i.rt_dispatch                            0x08003558   Section        0  rt_task.o(i.rt_dispatch)
    i.rt_dly_wait                            0x0800359c   Section        0  rt_time.o(i.rt_dly_wait)
    i.rt_evt_psh                             0x080035a4   Section        0  rt_event.o(i.rt_evt_psh)
    i.rt_free_box                            0x080035f4   Section        0  rt_membox.o(i.rt_free_box)
    i.rt_free_mem                            0x08003620   Section        0  rt_memory.o(i.rt_free_mem)
    i.rt_get_first                           0x08003648   Section        0  rt_list.o(i.rt_get_first)
    i.rt_get_same_rdy_prio                   0x08003670   Section        0  rt_list.o(i.rt_get_same_rdy_prio)
    i.rt_id2obj                              0x08003694   Section        0  rt_cmsis.o(i.rt_id2obj)
    rt_id2obj                                0x08003695   Thumb Code     8  rt_cmsis.o(i.rt_id2obj)
    i.rt_init_context                        0x0800369c   Section        0  rt_task.o(i.rt_init_context)
    rt_init_context                          0x0800369d   Thumb Code    66  rt_task.o(i.rt_init_context)
    i.rt_init_mem                            0x080036e4   Section        0  rt_memory.o(i.rt_init_mem)
    i.rt_init_robin                          0x08003700   Section        0  rt_robin.o(i.rt_init_robin)
    i.rt_init_stack                          0x08003718   Section        0  hal_cm.o(i.rt_init_stack)
    i.rt_mbx_check                           0x08003798   Section        0  rt_mailbox.o(i.rt_mbx_check)
    i.rt_mbx_init                            0x080037a0   Section        0  rt_mailbox.o(i.rt_mbx_init)
    i.rt_mbx_psh                             0x080037bc   Section        0  rt_mailbox.o(i.rt_mbx_psh)
    i.rt_mbx_send                            0x080038ac   Section        0  rt_mailbox.o(i.rt_mbx_send)
    i.rt_mbx_wait                            0x08003944   Section        0  rt_mailbox.o(i.rt_mbx_wait)
    i.rt_ms2tick                             0x080039f8   Section        0  rt_cmsis.o(i.rt_ms2tick)
    rt_ms2tick                               0x080039f9   Thumb Code    60  rt_cmsis.o(i.rt_ms2tick)
    i.rt_pop_req                             0x08003a3c   Section        0  rt_system.o(i.rt_pop_req)
    i.rt_psh_req                             0x08003ab8   Section        0  rt_system.o(i.rt_psh_req)
    i.rt_psq_enq                             0x08003ad8   Section        0  rt_list.o(i.rt_psq_enq)
    i.rt_put_dly                             0x08003b34   Section        0  rt_list.o(i.rt_put_dly)
    i.rt_put_prio                            0x08003b7c   Section        0  rt_list.o(i.rt_put_prio)
    i.rt_put_rdy_first                       0x08003bb4   Section        0  rt_list.o(i.rt_put_rdy_first)
    i.rt_resort_prio                         0x08003bc8   Section        0  rt_list.o(i.rt_resort_prio)
    i.rt_ret_regs                            0x08003bfc   Section        0  hal_cm.o(i.rt_ret_regs)
    rt_ret_regs                              0x08003bfd   Thumb Code    16  hal_cm.o(i.rt_ret_regs)
    i.rt_ret_val                             0x08003c0c   Section        0  hal_cm.o(i.rt_ret_val)
    i.rt_ret_val2                            0x08003c18   Section        0  hal_cm.o(i.rt_ret_val2)
    i.rt_rmv_dly                             0x08003c28   Section        0  rt_list.o(i.rt_rmv_dly)
    i.rt_rmv_list                            0x08003c50   Section        0  rt_list.o(i.rt_rmv_list)
    i.rt_sem_psh                             0x08003c80   Section        0  rt_semaphore.o(i.rt_sem_psh)
    i.rt_stk_check                           0x08003cb4   Section        0  rt_system.o(i.rt_stk_check)
    i.rt_switch_req                          0x08003cd8   Section        0  rt_task.o(i.rt_switch_req)
    i.rt_sys_init                            0x08003d00   Section        0  rt_task.o(i.rt_sys_init)
    i.rt_sys_start                           0x08003dcc   Section        0  rt_task.o(i.rt_sys_start)
    i.rt_systick                             0x08003e44   Section        0  rt_system.o(i.rt_systick)
    i.rt_tid2ptcb                            0x08003e84   Section        0  rt_cmsis.o(i.rt_tid2ptcb)
    rt_tid2ptcb                              0x08003e85   Thumb Code    18  rt_cmsis.o(i.rt_tid2ptcb)
    i.rt_timer_insert                        0x08003e98   Section        0  rt_cmsis.o(i.rt_timer_insert)
    rt_timer_insert                          0x08003e99   Thumb Code    48  rt_cmsis.o(i.rt_timer_insert)
    i.rt_tsk_create                          0x08003ecc   Section        0  rt_task.o(i.rt_tsk_create)
    i.rt_tsk_delete                          0x08003f54   Section        0  rt_task.o(i.rt_tsk_delete)
    i.rt_tsk_pass                            0x080040cc   Section        0  rt_task.o(i.rt_tsk_pass)
    i.rt_tsk_prio                            0x080040fc   Section        0  rt_task.o(i.rt_tsk_prio)
    i.rt_tsk_self                            0x08004178   Section        0  rt_task.o(i.rt_tsk_self)
    i.steer_thread                           0x08004188   Section        0  thread.o(i.steer_thread)
    i.svcDelay                               0x080041a8   Section        0  rt_cmsis.o(i.svcDelay)
    i.svcKernelInitialize                    0x080041bc   Section        0  rt_cmsis.o(i.svcKernelInitialize)
    i.svcKernelStart                         0x0800422c   Section        0  rt_cmsis.o(i.svcKernelStart)
    i.svcMessageCreate                       0x08004274   Section        0  rt_cmsis.o(i.svcMessageCreate)
    i.svcMessageGet                          0x08004298   Section        0  rt_cmsis.o(i.svcMessageGet)
    i.svcMessagePut                          0x080042d2   Section        0  rt_cmsis.o(i.svcMessagePut)
    i.svcThreadCreate                        0x08004308   Section        0  rt_cmsis.o(i.svcThreadCreate)
    i.svcThreadGetId                         0x08004378   Section        0  rt_cmsis.o(i.svcThreadGetId)
    i.svcThreadTerminate                     0x08004394   Section        0  rt_cmsis.o(i.svcThreadTerminate)
    i.svcThreadYield                         0x080043cc   Section        0  rt_cmsis.o(i.svcThreadYield)
    i.svcTimerCall                           0x080043d6   Section        0  rt_cmsis.o(i.svcTimerCall)
    i.sysTimerTick                           0x080043f0   Section        0  rt_cmsis.o(i.sysTimerTick)
    i.uart_i2c_thread                        0x0800444c   Section        0  thread.o(i.uart_i2c_thread)
    .constdata                               0x080044a0   Section      104  thread.o(.constdata)
    os_thread_def_mode_thread                0x080044b8   Data          16  thread.o(.constdata)
    os_thread_def_cam_thread                 0x080044c8   Data          16  thread.o(.constdata)
    os_thread_def_steer_thread               0x080044d8   Data          16  thread.o(.constdata)
    os_thread_def_uart_i2c_thread            0x080044e8   Data          16  thread.o(.constdata)
    os_thread_def_prop_thread                0x080044f8   Data          16  thread.o(.constdata)
    .constdata                               0x08004508   Section       16  stm32f4xx_hal_rcc.o(.constdata)
    .constdata                               0x08004518   Section        2  rtx_conf_cm.o(.constdata)
    .constdata                               0x0800451c   Section        4  rtx_conf_cm.o(.constdata)
    .constdata                               0x08004520   Section        4  rtx_conf_cm.o(.constdata)
    .constdata                               0x08004524   Section        4  rtx_conf_cm.o(.constdata)
    .constdata                               0x08004528   Section        1  rtx_conf_cm.o(.constdata)
    .constdata                               0x0800452c   Section       16  rtx_conf_cm.o(.constdata)
    __tagsym$$used                           0x0800452c   Number         0  rtx_conf_cm.o(.constdata)
    __tagsym$$used                           0x08004530   Number         0  rtx_conf_cm.o(.constdata)
    __tagsym$$used                           0x08004534   Number         0  rtx_conf_cm.o(.constdata)
    __tagsym$$used                           0x08004538   Number         0  rtx_conf_cm.o(.constdata)
    .constdata                               0x0800453c   Section        2  rtx_conf_cm.o(.constdata)
    .constdata                               0x08004540   Section        4  rtx_conf_cm.o(.constdata)
    .constdata                               0x08004544   Section        4  rtx_conf_cm.o(.constdata)
    .constdata                               0x08004548   Section        1  rtx_conf_cm.o(.constdata)
    .constdata                               0x0800454c   Section       16  rtx_conf_cm.o(.constdata)
    .constdata                               0x0800455c   Section        8  rtx_conf_cm.o(.constdata)
    .constdata                               0x08004564   Section        2  rtx_conf_cm.o(.constdata)
    .conststring                             0x08004568   Section      984  uart_cgroup.o(.conststring)
    .data                                    0x20000000   Section       68  thread.o(.data)
    flagMode                                 0x20000004   Data           4  thread.o(.data)
    flagError                                0x2000000c   Data           4  thread.o(.data)
    uart_i2c_ID                              0x20000010   Data           4  thread.o(.data)
    mode_ID                                  0x20000014   Data           4  thread.o(.data)
    cam_ID                                   0x20000018   Data           4  thread.o(.data)
    steer_ID                                 0x2000001c   Data           4  thread.o(.data)
    prop_ID                                  0x20000020   Data           4  thread.o(.data)
    .data                                    0x20000044   Section        4  stm32f4xx_hal.o(.data)
    uwTick                                   0x20000044   Data           4  stm32f4xx_hal.o(.data)
    .data                                    0x20000048   Section        4  rtx_conf_cm.o(.data)
    .data                                    0x2000004c   Section       16  rtx_conf_cm.o(.data)
    .data                                    0x2000005c   Section        4  rtx_conf_cm.o(.data)
    .data                                    0x20000060   Section        4  rtx_conf_cm.o(.data)
    .data                                    0x20000064   Section        4  system_stm32f4xx.o(.data)
    .data                                    0x20000068   Section        8  rt_cmsis.o(.data)
    .data                                    0x20000070   Section        8  rt_task.o(.data)
    .data                                    0x20000078   Section        8  rt_system.o(.data)
    os_lock                                  0x20000078   Data           1  rt_system.o(.data)
    os_psh_flag                              0x20000079   Data           1  rt_system.o(.data)
    pend_flags                               0x2000007a   Data           1  rt_system.o(.data)
    .data                                    0x20000080   Section        4  rt_time.o(.data)
    .data                                    0x20000084   Section        1  hal_cm.o(.data)
    .data                                    0x20000088   Section        8  rt_robin.o(.data)
    .data                                    0x20000090   Section        4  mvars.o(.data)
    .data                                    0x20000094   Section        4  mvars.o(.data)
    .bss                                     0x20000098   Section       84  adc_cgroup.o(.bss)
    .bss                                     0x200000ec   Section       60  i2c_slave_cgroup.o(.bss)
    .bss                                     0x20000128   Section      232  pwm_cgroup.o(.bss)
    .bss                                     0x20000210   Section       56  thread.o(.bss)
    .bss                                     0x20000248   Section       56  thread.o(.bss)
    .bss                                     0x20000280   Section       56  thread.o(.bss)
    .bss                                     0x200002b8   Section       12  thread.o(.bss)
    .bss                                     0x200002c4   Section      264  uart_cgroup.o(.bss)
    .bss                                     0x200003cc   Section       32  rtx_conf_cm.o(.bss)
    .bss                                     0x200003ec   Section      376  rtx_conf_cm.o(.bss)
    .bss                                     0x20000568   Section     4816  rtx_conf_cm.o(.bss)
    .bss                                     0x20001838   Section      432  rtx_conf_cm.o(.bss)
    .bss                                     0x200019e8   Section      132  rtx_conf_cm.o(.bss)
    .bss                                     0x20001a6c   Section       28  rtx_conf_cm.o(.bss)
    .bss                                     0x20001a88   Section       52  rt_task.o(.bss)
    .bss                                     0x20001abc   Section       48  rt_list.o(.bss)
    HEAP                                     0x20001af0   Section      512  startup_stm32f411xe.o(HEAP)
    STACK                                    0x20001cf0   Section     1024  startup_stm32f411xe.o(STACK)

    Global Symbols

    Symbol Name                              Value     Ov Type        Size  Object(Section)

    BuildAttributes$$THM_ISAv4$E$P$D$K$B$S$7EM$VFPi3$EXTD16$VFPS$VFMA$PE$A:L22UL41UL21$X:L11$S22US41US21$IEEE1$IW$USESV6$~STKCKD$USESV7$~SHL$OTIME$ROPI$EBA8$MICROLIB$REQ8$PRES8$EABIv2 0x00000000   Number         0  anon$$obj.o ABSOLUTE
    __ARM_use_no_argv                        0x00000000   Number         0  main.o ABSOLUTE
    _printf_a                                0x00000000   Number         0  stubs.o ABSOLUTE
    _printf_c                                0x00000000   Number         0  stubs.o ABSOLUTE
    _printf_charcount                        0x00000000   Number         0  stubs.o ABSOLUTE
    _printf_d                                0x00000000   Number         0  stubs.o ABSOLUTE
    _printf_e                                0x00000000   Number         0  stubs.o ABSOLUTE
    _printf_f                                0x00000000   Number         0  stubs.o ABSOLUTE
    _printf_flags                            0x00000000   Number         0  stubs.o ABSOLUTE
    _printf_fp_dec                           0x00000000   Number         0  stubs.o ABSOLUTE
    _printf_fp_hex                           0x00000000   Number         0  stubs.o ABSOLUTE
    _printf_g                                0x00000000   Number         0  stubs.o ABSOLUTE
    _printf_i                                0x00000000   Number         0  stubs.o ABSOLUTE
    _printf_int_dec                          0x00000000   Number         0  stubs.o ABSOLUTE
    _printf_l                                0x00000000   Number         0  stubs.o ABSOLUTE
    _printf_lc                               0x00000000   Number         0  stubs.o ABSOLUTE
    _printf_ll                               0x00000000   Number         0  stubs.o ABSOLUTE
    _printf_lld                              0x00000000   Number         0  stubs.o ABSOLUTE
    _printf_lli                              0x00000000   Number         0  stubs.o ABSOLUTE
    _printf_llo                              0x00000000   Number         0  stubs.o ABSOLUTE
    _printf_llu                              0x00000000   Number         0  stubs.o ABSOLUTE
    _printf_llx                              0x00000000   Number         0  stubs.o ABSOLUTE
    _printf_longlong_dec                     0x00000000   Number         0  stubs.o ABSOLUTE
    _printf_longlong_hex                     0x00000000   Number         0  stubs.o ABSOLUTE
    _printf_longlong_oct                     0x00000000   Number         0  stubs.o ABSOLUTE
    _printf_ls                               0x00000000   Number         0  stubs.o ABSOLUTE
    _printf_mbtowc                           0x00000000   Number         0  stubs.o ABSOLUTE
    _printf_n                                0x00000000   Number         0  stubs.o ABSOLUTE
    _printf_o                                0x00000000   Number         0  stubs.o ABSOLUTE
    _printf_p                                0x00000000   Number         0  stubs.o ABSOLUTE
    _printf_percent                          0x00000000   Number         0  stubs.o ABSOLUTE
    _printf_pre_padding                      0x00000000   Number         0  stubs.o ABSOLUTE
    _printf_return_value                     0x00000000   Number         0  stubs.o ABSOLUTE
    _printf_s                                0x00000000   Number         0  stubs.o ABSOLUTE
    _printf_sizespec                         0x00000000   Number         0  stubs.o ABSOLUTE
    _printf_str                              0x00000000   Number         0  stubs.o ABSOLUTE
    _printf_truncate_signed                  0x00000000   Number         0  stubs.o ABSOLUTE
    _printf_truncate_unsigned                0x00000000   Number         0  stubs.o ABSOLUTE
    _printf_u                                0x00000000   Number         0  stubs.o ABSOLUTE
    _printf_wc                               0x00000000   Number         0  stubs.o ABSOLUTE
    _printf_wctomb                           0x00000000   Number         0  stubs.o ABSOLUTE
    _printf_widthprec                        0x00000000   Number         0  stubs.o ABSOLUTE
    _printf_x                                0x00000000   Number         0  stubs.o ABSOLUTE
    __cpp_initialize__aeabi_                  - Undefined Weak Reference
    __cxa_finalize                            - Undefined Weak Reference
    __decompress                              - Undefined Weak Reference
    _clock_init                               - Undefined Weak Reference
    _microlib_exit                            - Undefined Weak Reference
    __Vectors_Size                           0x00000198   Number         0  startup_stm32f411xe.o ABSOLUTE
    __RL_RTX_VER                             0x00000479   Number         0  rt_system.o ABSOLUTE
    __Vectors                                0x08000000   Data           4  startup_stm32f411xe.o(RESET)
    __Vectors_End                            0x08000198   Data           0  startup_stm32f411xe.o(RESET)
    __main                                   0x08000199   Thumb Code     0  entry.o(.ARM.Collect$$$$00000000)
    _main_stk                                0x08000199   Thumb Code     0  entry2.o(.ARM.Collect$$$$00000001)
    _main_scatterload                        0x0800019d   Thumb Code     0  entry5.o(.ARM.Collect$$$$00000004)
    __main_after_scatterload                 0x080001a1   Thumb Code     0  entry5.o(.ARM.Collect$$$$00000004)
    __rt_final_cpp                           0x080001a1   Thumb Code     0  entry10a.o(.ARM.Collect$$$$0000000D)
    __rt_final_exit                          0x080001a1   Thumb Code     0  entry11a.o(.ARM.Collect$$$$0000000F)
    _main_clock                              0x080001a1   Thumb Code     0  entry7b.o(.ARM.Collect$$$$00000008)
    _main_cpp_init                           0x080001a1   Thumb Code     0  entry8b.o(.ARM.Collect$$$$0000000A)
    _main_init                               0x080001a1   Thumb Code    18  rtx_conf_cm.o(.ARM.Collect$$$$000000FF)
    rt_set_PSP                               0x080001bd   Thumb Code     6  hal_cm4.o(.emb_text)
    rt_get_PSP                               0x080001c3   Thumb Code     6  hal_cm4.o(.emb_text)
    os_set_env                               0x080001c9   Thumb Code    24  hal_cm4.o(.emb_text)
    _alloc_box                               0x080001e5   Thumb Code    28  hal_cm4.o(.emb_text)
    _free_box                                0x08000205   Thumb Code    28  hal_cm4.o(.emb_text)
    SVC_Handler                              0x08000225   Thumb Code   168  hal_cm4.o(.emb_text)
    PendSV_Handler                           0x080002dd   Thumb Code    96  hal_cm4.o(.emb_text)
    SysTick_Handler                          0x08000341   Thumb Code     8  hal_cm4.o(.emb_text)
    OS_Tick_Handler                          0x08000349   Thumb Code    12  hal_cm4.o(.emb_text)
    Reset_Handler                            0x08000355   Thumb Code     8  startup_stm32f411xe.o(.text)
    NMI_Handler                              0x0800035d   Thumb Code     2  startup_stm32f411xe.o(.text)
    HardFault_Handler                        0x0800035f   Thumb Code     2  startup_stm32f411xe.o(.text)
    MemManage_Handler                        0x08000361   Thumb Code     2  startup_stm32f411xe.o(.text)
    BusFault_Handler                         0x08000363   Thumb Code     2  startup_stm32f411xe.o(.text)
    UsageFault_Handler                       0x08000365   Thumb Code     2  startup_stm32f411xe.o(.text)
    DebugMon_Handler                         0x08000369   Thumb Code     2  startup_stm32f411xe.o(.text)
    ADC_IRQHandler                           0x0800036f   Thumb Code     0  startup_stm32f411xe.o(.text)
    DMA1_Stream0_IRQHandler                  0x0800036f   Thumb Code     0  startup_stm32f411xe.o(.text)
    DMA1_Stream1_IRQHandler                  0x0800036f   Thumb Code     0  startup_stm32f411xe.o(.text)
    DMA1_Stream2_IRQHandler                  0x0800036f   Thumb Code     0  startup_stm32f411xe.o(.text)
    DMA1_Stream3_IRQHandler                  0x0800036f   Thumb Code     0  startup_stm32f411xe.o(.text)
    DMA1_Stream4_IRQHandler                  0x0800036f   Thumb Code     0  startup_stm32f411xe.o(.text)
    DMA1_Stream5_IRQHandler                  0x0800036f   Thumb Code     0  startup_stm32f411xe.o(.text)
    DMA1_Stream6_IRQHandler                  0x0800036f   Thumb Code     0  startup_stm32f411xe.o(.text)
    DMA1_Stream7_IRQHandler                  0x0800036f   Thumb Code     0  startup_stm32f411xe.o(.text)
    DMA2_Stream0_IRQHandler                  0x0800036f   Thumb Code     0  startup_stm32f411xe.o(.text)
    DMA2_Stream1_IRQHandler                  0x0800036f   Thumb Code     0  startup_stm32f411xe.o(.text)
    DMA2_Stream2_IRQHandler                  0x0800036f   Thumb Code     0  startup_stm32f411xe.o(.text)
    DMA2_Stream3_IRQHandler                  0x0800036f   Thumb Code     0  startup_stm32f411xe.o(.text)
    DMA2_Stream4_IRQHandler                  0x0800036f   Thumb Code     0  startup_stm32f411xe.o(.text)
    DMA2_Stream5_IRQHandler                  0x0800036f   Thumb Code     0  startup_stm32f411xe.o(.text)
    DMA2_Stream6_IRQHandler                  0x0800036f   Thumb Code     0  startup_stm32f411xe.o(.text)
    DMA2_Stream7_IRQHandler                  0x0800036f   Thumb Code     0  startup_stm32f411xe.o(.text)
    EXTI0_IRQHandler                         0x0800036f   Thumb Code     0  startup_stm32f411xe.o(.text)
    EXTI15_10_IRQHandler                     0x0800036f   Thumb Code     0  startup_stm32f411xe.o(.text)
    EXTI1_IRQHandler                         0x0800036f   Thumb Code     0  startup_stm32f411xe.o(.text)
    EXTI2_IRQHandler                         0x0800036f   Thumb Code     0  startup_stm32f411xe.o(.text)
    EXTI3_IRQHandler                         0x0800036f   Thumb Code     0  startup_stm32f411xe.o(.text)
    EXTI4_IRQHandler                         0x0800036f   Thumb Code     0  startup_stm32f411xe.o(.text)
    EXTI9_5_IRQHandler                       0x0800036f   Thumb Code     0  startup_stm32f411xe.o(.text)
    FLASH_IRQHandler                         0x0800036f   Thumb Code     0  startup_stm32f411xe.o(.text)
    FPU_IRQHandler                           0x0800036f   Thumb Code     0  startup_stm32f411xe.o(.text)
    I2C2_ER_IRQHandler                       0x0800036f   Thumb Code     0  startup_stm32f411xe.o(.text)
    I2C2_EV_IRQHandler                       0x0800036f   Thumb Code     0  startup_stm32f411xe.o(.text)
    I2C3_ER_IRQHandler                       0x0800036f   Thumb Code     0  startup_stm32f411xe.o(.text)
    I2C3_EV_IRQHandler                       0x0800036f   Thumb Code     0  startup_stm32f411xe.o(.text)
    OTG_FS_IRQHandler                        0x0800036f   Thumb Code     0  startup_stm32f411xe.o(.text)
    OTG_FS_WKUP_IRQHandler                   0x0800036f   Thumb Code     0  startup_stm32f411xe.o(.text)
    PVD_IRQHandler                           0x0800036f   Thumb Code     0  startup_stm32f411xe.o(.text)
    RCC_IRQHandler                           0x0800036f   Thumb Code     0  startup_stm32f411xe.o(.text)
    RTC_Alarm_IRQHandler                     0x0800036f   Thumb Code     0  startup_stm32f411xe.o(.text)
    RTC_WKUP_IRQHandler                      0x0800036f   Thumb Code     0  startup_stm32f411xe.o(.text)
    SDIO_IRQHandler                          0x0800036f   Thumb Code     0  startup_stm32f411xe.o(.text)
    SPI1_IRQHandler                          0x0800036f   Thumb Code     0  startup_stm32f411xe.o(.text)
    SPI2_IRQHandler                          0x0800036f   Thumb Code     0  startup_stm32f411xe.o(.text)
    SPI3_IRQHandler                          0x0800036f   Thumb Code     0  startup_stm32f411xe.o(.text)
    SPI4_IRQHandler                          0x0800036f   Thumb Code     0  startup_stm32f411xe.o(.text)
    SPI5_IRQHandler                          0x0800036f   Thumb Code     0  startup_stm32f411xe.o(.text)
    TAMP_STAMP_IRQHandler                    0x0800036f   Thumb Code     0  startup_stm32f411xe.o(.text)
    TIM1_BRK_TIM9_IRQHandler                 0x0800036f   Thumb Code     0  startup_stm32f411xe.o(.text)
    TIM1_CC_IRQHandler                       0x0800036f   Thumb Code     0  startup_stm32f411xe.o(.text)
    TIM1_TRG_COM_TIM11_IRQHandler            0x0800036f   Thumb Code     0  startup_stm32f411xe.o(.text)
    TIM1_UP_TIM10_IRQHandler                 0x0800036f   Thumb Code     0  startup_stm32f411xe.o(.text)
    TIM2_IRQHandler                          0x0800036f   Thumb Code     0  startup_stm32f411xe.o(.text)
    TIM3_IRQHandler                          0x0800036f   Thumb Code     0  startup_stm32f411xe.o(.text)
    TIM4_IRQHandler                          0x0800036f   Thumb Code     0  startup_stm32f411xe.o(.text)
    TIM5_IRQHandler                          0x0800036f   Thumb Code     0  startup_stm32f411xe.o(.text)
    USART1_IRQHandler                        0x0800036f   Thumb Code     0  startup_stm32f411xe.o(.text)
    USART6_IRQHandler                        0x0800036f   Thumb Code     0  startup_stm32f411xe.o(.text)
    WWDG_IRQHandler                          0x0800036f   Thumb Code     0  startup_stm32f411xe.o(.text)
    strlen                                   0x08000379   Thumb Code    14  strlen.o(.text)
    strcpy                                   0x08000387   Thumb Code    18  strcpy.o(.text)
    __aeabi_dadd                             0x08000399   Thumb Code   322  dadd.o(.text)
    __aeabi_dsub                             0x080004db   Thumb Code     6  dadd.o(.text)
    __aeabi_drsub                            0x080004e1   Thumb Code     6  dadd.o(.text)
    __aeabi_dmul                             0x080004e7   Thumb Code   228  dmul.o(.text)
    __aeabi_ddiv                             0x080005cb   Thumb Code   222  ddiv.o(.text)
    __aeabi_i2d                              0x080006a9   Thumb Code    34  dflti.o(.text)
    __aeabi_d2iz                             0x080006cb   Thumb Code    62  dfixi.o(.text)
    __aeabi_f2d                              0x08000709   Thumb Code    38  f2d.o(.text)
    __aeabi_d2f                              0x0800072f   Thumb Code    56  d2f.o(.text)
    __aeabi_llsl                             0x08000767   Thumb Code    30  llshl.o(.text)
    _ll_shift_l                              0x08000767   Thumb Code     0  llshl.o(.text)
    __aeabi_llsr                             0x08000785   Thumb Code    32  llushr.o(.text)
    _ll_ushift_r                             0x08000785   Thumb Code     0  llushr.o(.text)
    __aeabi_lasr                             0x080007a5   Thumb Code    36  llsshr.o(.text)
    _ll_sshift_r                             0x080007a5   Thumb Code     0  llsshr.o(.text)
    __I$use$fp                               0x080007c9   Thumb Code     0  iusefp.o(.text)
    _float_round                             0x080007c9   Thumb Code    18  fepilogue.o(.text)
    _float_epilogue                          0x080007db   Thumb Code    92  fepilogue.o(.text)
    _double_round                            0x08000837   Thumb Code    30  depilogue.o(.text)
    _double_epilogue                         0x08000855   Thumb Code   156  depilogue.o(.text)
    __scatterload                            0x080008f1   Thumb Code    28  init.o(.text)
    __scatterload_rt2                        0x080008f1   Thumb Code     0  init.o(.text)
    SVC_Count                                0x08000914   Data           4  svc_table.o(SVC_TABLE)
    SVC_Table                                0x08000918   Data           0  svc_table.o(SVC_TABLE)
    CAM_Algo                                 0x08000a4d   Thumb Code    14  pwm_cgroup.o(i.CAM_Algo)
    HAL_ADC_ConfigChannel                    0x08000a5d   Thumb Code   324  stm32f4xx_hal_adc.o(i.HAL_ADC_ConfigChannel)
    HAL_ADC_GetValue                         0x08000bb1   Thumb Code     6  stm32f4xx_hal_adc.o(i.HAL_ADC_GetValue)
    HAL_ADC_Init                             0x08000bb7   Thumb Code    58  stm32f4xx_hal_adc.o(i.HAL_ADC_Init)
    HAL_ADC_MspInit                          0x08000bf1   Thumb Code    52  stm32f4xx_hal_msp.o(i.HAL_ADC_MspInit)
    HAL_ADC_Start                            0x08000c31   Thumb Code   126  stm32f4xx_hal_adc.o(i.HAL_ADC_Start)
    HAL_GPIO_Init                            0x08000cbd   Thumb Code   358  stm32f4xx_hal_gpio.o(i.HAL_GPIO_Init)
    HAL_GPIO_ReadPin                         0x08000e45   Thumb Code    10  stm32f4xx_hal_gpio.o(i.HAL_GPIO_ReadPin)
    HAL_GPIO_TogglePin                       0x08000e4f   Thumb Code     8  stm32f4xx_hal_gpio.o(i.HAL_GPIO_TogglePin)
    HAL_GPIO_WritePin                        0x08000e57   Thumb Code    10  stm32f4xx_hal_gpio.o(i.HAL_GPIO_WritePin)
    HAL_GetTick                              0x08000e61   Thumb Code     6  stm32f4xx_hal.o(i.HAL_GetTick)
    HAL_I2C_ER_IRQHandler                    0x08000e6d   Thumb Code   216  stm32f4xx_hal_i2c.o(i.HAL_I2C_ER_IRQHandler)
    HAL_I2C_EV_IRQHandler                    0x08000f45   Thumb Code   406  stm32f4xx_hal_i2c.o(i.HAL_I2C_EV_IRQHandler)
    HAL_I2C_ErrorCallback                    0x080010db   Thumb Code     2  stm32f4xx_hal_i2c.o(i.HAL_I2C_ErrorCallback)
    HAL_I2C_GetState                         0x080010dd   Thumb Code     6  stm32f4xx_hal_i2c.o(i.HAL_I2C_GetState)
    HAL_I2C_Init                             0x080010e5   Thumb Code   246  stm32f4xx_hal_i2c.o(i.HAL_I2C_Init)
    HAL_I2C_MasterRxCpltCallback             0x080011e5   Thumb Code     2  stm32f4xx_hal_i2c.o(i.HAL_I2C_MasterRxCpltCallback)
    HAL_I2C_MasterTxCpltCallback             0x080011e7   Thumb Code     2  stm32f4xx_hal_i2c.o(i.HAL_I2C_MasterTxCpltCallback)
    HAL_I2C_MemRxCpltCallback                0x080011e9   Thumb Code     2  stm32f4xx_hal_i2c.o(i.HAL_I2C_MemRxCpltCallback)
    HAL_I2C_MemTxCpltCallback                0x080011eb   Thumb Code     2  stm32f4xx_hal_i2c.o(i.HAL_I2C_MemTxCpltCallback)
    HAL_I2C_MspInit                          0x080011ed   Thumb Code    96  stm32f4xx_hal_msp.o(i.HAL_I2C_MspInit)
    HAL_I2C_SlaveRxCpltCallback              0x08001259   Thumb Code     2  stm32f4xx_hal_i2c.o(i.HAL_I2C_SlaveRxCpltCallback)
    HAL_I2C_SlaveTxCpltCallback              0x0800125d   Thumb Code     8  i2c_slave_cgroup.o(i.HAL_I2C_SlaveTxCpltCallback)
    HAL_I2C_Slave_Receive_IT                 0x08001269   Thumb Code   114  stm32f4xx_hal_i2c.o(i.HAL_I2C_Slave_Receive_IT)
    HAL_Init                                 0x080012e1   Thumb Code    48  stm32f4xx_hal.o(i.HAL_Init)
    HAL_InitTick                             0x08001315   Thumb Code    34  stm32f4xx_hal.o(i.HAL_InitTick)
    HAL_MspInit                              0x08001337   Thumb Code    22  stm32f4xx_hal_msp.o(i.HAL_MspInit)
    HAL_NVIC_EnableIRQ                       0x0800134d   Thumb Code    22  stm32f4xx_hal_cortex.o(i.HAL_NVIC_EnableIRQ)
    HAL_NVIC_SetPriority                     0x08001365   Thumb Code    60  stm32f4xx_hal_cortex.o(i.HAL_NVIC_SetPriority)
    HAL_NVIC_SetPriorityGrouping             0x080013a5   Thumb Code    26  stm32f4xx_hal_cortex.o(i.HAL_NVIC_SetPriorityGrouping)
    HAL_RCC_ClockConfig                      0x080013c9   Thumb Code   514  stm32f4xx_hal_rcc.o(i.HAL_RCC_ClockConfig)
    HAL_RCC_GetHCLKFreq                      0x080015d5   Thumb Code    38  stm32f4xx_hal_rcc.o(i.HAL_RCC_GetHCLKFreq)
    HAL_RCC_GetPCLK1Freq                     0x08001609   Thumb Code    36  stm32f4xx_hal_rcc.o(i.HAL_RCC_GetPCLK1Freq)
    HAL_RCC_GetPCLK2Freq                     0x08001635   Thumb Code    36  stm32f4xx_hal_rcc.o(i.HAL_RCC_GetPCLK2Freq)
    HAL_RCC_GetSysClockFreq                  0x08001661   Thumb Code   104  stm32f4xx_hal_rcc.o(i.HAL_RCC_GetSysClockFreq)
    HAL_RCC_OscConfig                        0x080016d1   Thumb Code   806  stm32f4xx_hal_rcc.o(i.HAL_RCC_OscConfig)
    HAL_SYSTICK_CLKSourceConfig              0x08001a0d   Thumb Code    24  stm32f4xx_hal_cortex.o(i.HAL_SYSTICK_CLKSourceConfig)
    HAL_SYSTICK_Config                       0x08001a25   Thumb Code    40  stm32f4xx_hal_cortex.o(i.HAL_SYSTICK_Config)
    HAL_TIMEx_MasterConfigSynchronization    0x08001a4d   Thumb Code    80  stm32f4xx_hal_tim_ex.o(i.HAL_TIMEx_MasterConfigSynchronization)
    HAL_TIM_PWM_ConfigChannel                0x08001a9d   Thumb Code   208  stm32f4xx_hal_tim.o(i.HAL_TIM_PWM_ConfigChannel)
    HAL_TIM_PWM_Init                         0x08001b6d   Thumb Code    54  stm32f4xx_hal_tim.o(i.HAL_TIM_PWM_Init)
    HAL_TIM_PWM_MspInit                      0x08001ba5   Thumb Code   138  stm32f4xx_hal_msp.o(i.HAL_TIM_PWM_MspInit)
    HAL_TIM_PWM_Start                        0x08001c45   Thumb Code    42  stm32f4xx_hal_tim.o(i.HAL_TIM_PWM_Start)
    HAL_UART_ErrorCallback                   0x08001c75   Thumb Code     2  stm32f4xx_hal_uart.o(i.HAL_UART_ErrorCallback)
    HAL_UART_IRQHandler                      0x08001c79   Thumb Code   266  stm32f4xx_hal_uart.o(i.HAL_UART_IRQHandler)
    HAL_UART_Init                            0x08001d83   Thumb Code    94  stm32f4xx_hal_uart.o(i.HAL_UART_Init)
    HAL_UART_MspInit                         0x08001de1   Thumb Code    78  stm32f4xx_hal_msp.o(i.HAL_UART_MspInit)
    HAL_UART_RxCpltCallback                  0x08001e3d   Thumb Code     2  stm32f4xx_hal_uart.o(i.HAL_UART_RxCpltCallback)
    HAL_UART_Transmit                        0x08001e41   Thumb Code   204  stm32f4xx_hal_uart.o(i.HAL_UART_Transmit)
    HAL_UART_TxCpltCallback                  0x08001f0d   Thumb Code     2  stm32f4xx_hal_uart.o(i.HAL_UART_TxCpltCallback)
    I2C1_ER_IRQHandler                       0x08001f11   Thumb Code     6  stm32f4xx_it.o(i.I2C1_ER_IRQHandler)
    I2C1_EV_IRQHandler                       0x08001f1d   Thumb Code     6  stm32f4xx_it.o(i.I2C1_EV_IRQHandler)
    Init_Thread                              0x08002099   Thumb Code   250  thread.o(i.Init_Thread)
    MX_ADC1_Init                             0x080021a5   Thumb Code    60  adc_cgroup.o(i.MX_ADC1_Init)
    MX_GPIO_Init                             0x080021e9   Thumb Code   154  thread.o(i.MX_GPIO_Init)
    MX_I2C1_Init                             0x08002299   Thumb Code    36  i2c_slave_cgroup.o(i.MX_I2C1_Init)
    MX_PWM_TIM2_Init                         0x080022c9   Thumb Code   144  pwm_cgroup.o(i.MX_PWM_TIM2_Init)
    MX_PWM_TIM3_Init                         0x0800235d   Thumb Code   138  pwm_cgroup.o(i.MX_PWM_TIM3_Init)
    MX_USART2_UART_Init                      0x080023f1   Thumb Code   110  uart_cgroup.o(i.MX_USART2_UART_Init)
    PROPULSION_Algo                          0x080024ed   Thumb Code    78  pwm_cgroup.o(i.PROPULSION_Algo)
    PWM_CH1_Pulse                            0x08002555   Thumb Code    34  pwm_cgroup.o(i.PWM_CH1_Pulse)
    PWM_CH2_Pulse                            0x0800257d   Thumb Code    34  pwm_cgroup.o(i.PWM_CH2_Pulse)
    PWM_CH3_Pulse                            0x080025a5   Thumb Code    34  pwm_cgroup.o(i.PWM_CH3_Pulse)
    PWM_CH4_Pulse                            0x080025cd   Thumb Code    34  pwm_cgroup.o(i.PWM_CH4_Pulse)
    STEERING_Algo                            0x080025f5   Thumb Code    14  pwm_cgroup.o(i.STEERING_Algo)
    SendStr                                  0x08002605   Thumb Code    42  uart_cgroup.o(i.SendStr)
    SystemClock_Config                       0x08002635   Thumb Code   126  main.o(i.SystemClock_Config)
    SystemInit                               0x080026bd   Thumb Code    66  system_stm32f4xx.o(i.SystemInit)
    TIM_Base_SetConfig                       0x08002711   Thumb Code   114  stm32f4xx_hal_tim.o(i.TIM_Base_SetConfig)
    TIM_CCxChannelCmd                        0x080027a1   Thumb Code    22  stm32f4xx_hal_tim.o(i.TIM_CCxChannelCmd)
    TIM_OC2_SetConfig                        0x08002809   Thumb Code    84  stm32f4xx_hal_tim.o(i.TIM_OC2_SetConfig)
    USART2_IRQHandler                        0x08002c15   Thumb Code     6  stm32f4xx_it.o(i.USART2_IRQHandler)
    __scatterload_copy                       0x08002c21   Thumb Code    14  handlers.o(i.__scatterload_copy)
    __scatterload_null                       0x08002c2f   Thumb Code     2  handlers.o(i.__scatterload_null)
    __scatterload_zeroinit                   0x08002c31   Thumb Code    14  handlers.o(i.__scatterload_zeroinit)
    _init_box                                0x08002c3f   Thumb Code    70  rt_membox.o(i._init_box)
    adc1                                     0x08002c85   Thumb Code    44  adc_cgroup.o(i.adc1)
    asservissement                           0x08002cb5   Thumb Code   432  thread.o(i.asservissement)
    blink_led                                0x08002eb9   Thumb Code    22  thread.o(i.blink_led)
    cam_thread                               0x08002ed9   Thumb Code    26  thread.o(i.cam_thread)
    dbg_init                                 0x08002ef9   Thumb Code    34  hal_cm.o(i.dbg_init)
    dbg_task_notify                          0x08002f29   Thumb Code    32  hal_cm.o(i.dbg_task_notify)
    dbg_task_switch                          0x08002f49   Thumb Code    16  hal_cm.o(i.dbg_task_switch)
    error_led                                0x08002f59   Thumb Code    22  thread.o(i.error_led)
    isrMessageGet                            0x08002f79   Thumb Code    42  rt_cmsis.o(i.isrMessageGet)
    isrMessagePut                            0x08002fa3   Thumb Code    44  rt_cmsis.o(i.isrMessagePut)
    isr_mbx_receive                          0x08002fd1   Thumb Code    82  rt_mailbox.o(i.isr_mbx_receive)
    isr_mbx_send                             0x08003023   Thumb Code    14  rt_mailbox.o(i.isr_mbx_send)
    main                                     0x08003031   Thumb Code    68  main.o(i.main)
    malloc                                   0x08003079   Thumb Code    92  malloc.o(i.malloc)
    mode_thread                              0x080030e5   Thumb Code    88  thread.o(i.mode_thread)
    osDelay                                  0x08003145   Thumb Code    18  rt_cmsis.o(i.osDelay)
    osKernelInitialize                       0x0800315d   Thumb Code    30  rt_cmsis.o(i.osKernelInitialize)
    osKernelStart                            0x08003181   Thumb Code    98  rt_cmsis.o(i.osKernelStart)
    osMessageCreate                          0x080031ed   Thumb Code    38  rt_cmsis.o(i.osMessageCreate)
    osMessageGet                             0x0800321d   Thumb Code    18  rt_cmsis.o(i.osMessageGet)
    osMessagePut                             0x08003235   Thumb Code    18  rt_cmsis.o(i.osMessagePut)
    osThreadCreate                           0x0800324d   Thumb Code    38  rt_cmsis.o(i.osThreadCreate)
    osThreadExit                             0x0800327d   Thumb Code    14  rt_cmsis.o(i.osThreadExit)
    osThreadYield                            0x08003295   Thumb Code    18  rt_cmsis.o(i.osThreadYield)
    osTimerCall                              0x080032ad   Thumb Code     8  rt_cmsis.o(i.osTimerCall)
    osTimerThread                            0x080032b9   Thumb Code    38  rt_cmsis.o(i.osTimerThread)
    os_error                                 0x080032e5   Thumb Code     2  rtx_conf_cm.o(i.os_error)
    os_idle_demon                            0x080032e7   Thumb Code     2  rtx_conf_cm.o(i.os_idle_demon)
    os_tick_init                             0x080032e9   Thumb Code    32  rt_system.o(i.os_tick_init)
    os_tick_irqack                           0x08003311   Thumb Code     2  rt_system.o(i.os_tick_irqack)
    prop_thread                              0x08003315   Thumb Code   180  thread.o(i.prop_thread)
    read_i2c                                 0x080033f5   Thumb Code    24  i2c_slave_cgroup.o(i.read_i2c)
    rt_alloc_box                             0x08003411   Thumb Code    26  rt_membox.o(i.rt_alloc_box)
    rt_alloc_mem                             0x0800342b   Thumb Code    62  rt_memory.o(i.rt_alloc_mem)
    rt_block                                 0x08003469   Thumb Code    48  rt_task.o(i.rt_block)
    rt_chk_robin                             0x080034a1   Thumb Code    60  rt_robin.o(i.rt_chk_robin)
    rt_dec_dly                               0x080034e9   Thumb Code   102  rt_list.o(i.rt_dec_dly)
    rt_dispatch                              0x08003559   Thumb Code    60  rt_task.o(i.rt_dispatch)
    rt_dly_wait                              0x0800359d   Thumb Code     6  rt_time.o(i.rt_dly_wait)
    rt_evt_psh                               0x080035a5   Thumb Code    76  rt_event.o(i.rt_evt_psh)
    rt_free_box                              0x080035f5   Thumb Code    44  rt_membox.o(i.rt_free_box)
    rt_free_mem                              0x08003621   Thumb Code    40  rt_memory.o(i.rt_free_mem)
    rt_get_first                             0x08003649   Thumb Code    40  rt_list.o(i.rt_get_first)
    rt_get_same_rdy_prio                     0x08003671   Thumb Code    26  rt_list.o(i.rt_get_same_rdy_prio)
    rt_init_mem                              0x080036e5   Thumb Code    26  rt_memory.o(i.rt_init_mem)
    rt_init_robin                            0x08003701   Thumb Code    14  rt_robin.o(i.rt_init_robin)
    rt_init_stack                            0x08003719   Thumb Code   118  hal_cm.o(i.rt_init_stack)
    rt_mbx_check                             0x08003799   Thumb Code     8  rt_mailbox.o(i.rt_mbx_check)
    rt_mbx_init                              0x080037a1   Thumb Code    26  rt_mailbox.o(i.rt_mbx_init)
    rt_mbx_psh                               0x080037bd   Thumb Code   236  rt_mailbox.o(i.rt_mbx_psh)
    rt_mbx_send                              0x080038ad   Thumb Code   148  rt_mailbox.o(i.rt_mbx_send)
    rt_mbx_wait                              0x08003945   Thumb Code   174  rt_mailbox.o(i.rt_mbx_wait)
    rt_pop_req                               0x08003a3d   Thumb Code   112  rt_system.o(i.rt_pop_req)
    rt_psh_req                               0x08003ab9   Thumb Code    22  rt_system.o(i.rt_psh_req)
    rt_psq_enq                               0x08003ad9   Thumb Code    88  rt_list.o(i.rt_psq_enq)
    rt_put_dly                               0x08003b35   Thumb Code    68  rt_list.o(i.rt_put_dly)
    rt_put_prio                              0x08003b7d   Thumb Code    54  rt_list.o(i.rt_put_prio)
    rt_put_rdy_first                         0x08003bb5   Thumb Code    14  rt_list.o(i.rt_put_rdy_first)
    rt_resort_prio                           0x08003bc9   Thumb Code    46  rt_list.o(i.rt_resort_prio)
    rt_ret_val                               0x08003c0d   Thumb Code    12  hal_cm.o(i.rt_ret_val)
    rt_ret_val2                              0x08003c19   Thumb Code    16  hal_cm.o(i.rt_ret_val2)
    rt_rmv_dly                               0x08003c29   Thumb Code    40  rt_list.o(i.rt_rmv_dly)
    rt_rmv_list                              0x08003c51   Thumb Code    44  rt_list.o(i.rt_rmv_list)
    rt_sem_psh                               0x08003c81   Thumb Code    48  rt_semaphore.o(i.rt_sem_psh)
    rt_stk_check                             0x08003cb5   Thumb Code    28  rt_system.o(i.rt_stk_check)
    rt_switch_req                            0x08003cd9   Thumb Code    30  rt_task.o(i.rt_switch_req)
    rt_sys_init                              0x08003d01   Thumb Code   138  rt_task.o(i.rt_sys_init)
    rt_sys_start                             0x08003dcd   Thumb Code   110  rt_task.o(i.rt_sys_start)
    rt_systick                               0x08003e45   Thumb Code    50  rt_system.o(i.rt_systick)
    rt_tsk_create                            0x08003ecd   Thumb Code   120  rt_task.o(i.rt_tsk_create)
    rt_tsk_delete                            0x08003f55   Thumb Code   346  rt_task.o(i.rt_tsk_delete)
    rt_tsk_pass                              0x080040cd   Thumb Code    38  rt_task.o(i.rt_tsk_pass)
    rt_tsk_prio                              0x080040fd   Thumb Code   108  rt_task.o(i.rt_tsk_prio)
    rt_tsk_self                              0x08004179   Thumb Code    12  rt_task.o(i.rt_tsk_self)
    steer_thread                             0x08004189   Thumb Code    26  thread.o(i.steer_thread)
    svcDelay                                 0x080041a9   Thumb Code    18  rt_cmsis.o(i.svcDelay)
    svcKernelInitialize                      0x080041bd   Thumb Code    80  rt_cmsis.o(i.svcKernelInitialize)
    svcKernelStart                           0x0800422d   Thumb Code    62  rt_cmsis.o(i.svcKernelStart)
    svcMessageCreate                         0x08004275   Thumb Code    36  rt_cmsis.o(i.svcMessageCreate)
    svcMessageGet                            0x08004299   Thumb Code    58  rt_cmsis.o(i.svcMessageGet)
    svcMessagePut                            0x080042d3   Thumb Code    54  rt_cmsis.o(i.svcMessagePut)
    svcThreadCreate                          0x08004309   Thumb Code   100  rt_cmsis.o(i.svcThreadCreate)
    svcThreadGetId                           0x08004379   Thumb Code    22  rt_cmsis.o(i.svcThreadGetId)
    svcThreadTerminate                       0x08004395   Thumb Code    50  rt_cmsis.o(i.svcThreadTerminate)
    svcThreadYield                           0x080043cd   Thumb Code    10  rt_cmsis.o(i.svcThreadYield)
    svcTimerCall                             0x080043d7   Thumb Code    24  rt_cmsis.o(i.svcTimerCall)
    sysTimerTick                             0x080043f1   Thumb Code    84  rt_cmsis.o(i.sysTimerTick)
    uart_i2c_thread                          0x0800444d   Thumb Code    72  thread.o(i.uart_i2c_thread)
    os_messageQ_def_steerQ                   0x080044a0   Data           8  thread.o(.constdata)
    os_messageQ_def_camQ                     0x080044a8   Data           8  thread.o(.constdata)
    os_messageQ_def_propQ                    0x080044b0   Data           8  thread.o(.constdata)
    APBAHBPrescTable                         0x08004508   Data          16  stm32f4xx_hal_rcc.o(.constdata)
    os_maxtaskrun                            0x08004518   Data           2  rtx_conf_cm.o(.constdata)
    os_stackinfo                             0x0800451c   Data           4  rtx_conf_cm.o(.constdata)
    os_rrobin                                0x08004520   Data           4  rtx_conf_cm.o(.constdata)
    os_trv                                   0x08004524   Data           4  rtx_conf_cm.o(.constdata)
    os_flags                                 0x08004528   Data           1  rtx_conf_cm.o(.constdata)
    CMSIS_RTOS_API_Version                   0x0800452c   Data           4  rtx_conf_cm.o(.constdata)
    CMSIS_RTOS_RTX_Version                   0x08004530   Data           4  rtx_conf_cm.o(.constdata)
    os_clockrate                             0x08004534   Data           4  rtx_conf_cm.o(.constdata)
    os_timernum                              0x08004538   Data           4  rtx_conf_cm.o(.constdata)
    mp_tcb_size                              0x0800453c   Data           2  rtx_conf_cm.o(.constdata)
    mp_stk_size                              0x08004540   Data           4  rtx_conf_cm.o(.constdata)
    os_stack_sz                              0x08004544   Data           4  rtx_conf_cm.o(.constdata)
    os_fifo_size                             0x08004548   Data           1  rtx_conf_cm.o(.constdata)
    os_thread_def_osTimerThread              0x0800454c   Data          16  rtx_conf_cm.o(.constdata)
    os_messageQ_def_osTimerMessageQ          0x0800455c   Data           8  rtx_conf_cm.o(.constdata)
    mp_tmr_size                              0x08004564   Data           2  rtx_conf_cm.o(.constdata)
    Region$$Table$$Base                      0x08004940   Number         0  anon$$obj.o(Region$$Table)
    Region$$Table$$Limit                     0x08004960   Number         0  anon$$obj.o(Region$$Table)
    buffer                                   0x20000000   Data           3  thread.o(.data)
    gain                                     0x20000008   Data           4  thread.o(.data)
    steerQ                                   0x20000024   Data           4  thread.o(.data)
    camQ                                     0x20000028   Data           4  thread.o(.data)
    propQ                                    0x2000002c   Data           4  thread.o(.data)
    Commande1                                0x20000030   Data           4  thread.o(.data)
    Commande0                                0x20000034   Data           4  thread.o(.data)
    y_star2                                  0x20000038   Data           4  thread.o(.data)
    y_star1                                  0x2000003c   Data           4  thread.o(.data)
    y_star0                                  0x20000040   Data           4  thread.o(.data)
    m_tmr                                    0x20000048   Data           4  rtx_conf_cm.o(.data)
    os_thread_def_main                       0x2000004c   Data          16  rtx_conf_cm.o(.data)
    osThreadId_osTimerThread                 0x2000005c   Data           4  rtx_conf_cm.o(.data)
    osMessageQId_osTimerMessageQ             0x20000060   Data           4  rtx_conf_cm.o(.data)
    SystemCoreClock                          0x20000064   Data           4  system_stm32f4xx.o(.data)
    os_initialized                           0x20000068   Data           1  rt_cmsis.o(.data)
    os_running                               0x20000069   Data           1  rt_cmsis.o(.data)
    os_timer_head                            0x2000006c   Data           4  rt_cmsis.o(.data)
    os_tsk                                   0x20000070   Data           8  rt_task.o(.data)
    os_tick_irqn                             0x2000007c   Data           4  rt_system.o(.data)
    os_time                                  0x20000080   Data           4  rt_time.o(.data)
    dbg_msg                                  0x20000084   Data           1  hal_cm.o(.data)
    os_robin                                 0x20000088   Data           8  rt_robin.o(.data)
    __microlib_freelist                      0x20000090   Data           4  mvars.o(.data)
    __microlib_freelist_initialised          0x20000094   Data           4  mvars.o(.data)
    hadc1                                    0x20000098   Data          68  adc_cgroup.o(.bss)
    sConfig                                  0x200000dc   Data          16  adc_cgroup.o(.bss)
    hi2c1                                    0x200000ec   Data          60  i2c_slave_cgroup.o(.bss)
    htim2                                    0x20000128   Data          60  pwm_cgroup.o(.bss)
    htim3                                    0x20000164   Data          60  pwm_cgroup.o(.bss)
    sConfigOC_PROP1                          0x200001a0   Data          28  pwm_cgroup.o(.bss)
    sConfigOC_PROP2                          0x200001bc   Data          28  pwm_cgroup.o(.bss)
    sConfigOC_STEER                          0x200001d8   Data          28  pwm_cgroup.o(.bss)
    sConfigOC_CAM                            0x200001f4   Data          28  pwm_cgroup.o(.bss)
    os_messageQ_q_steerQ                     0x20000210   Data          56  thread.o(.bss)
    os_messageQ_q_camQ                       0x20000248   Data          56  thread.o(.bss)
    os_messageQ_q_propQ                      0x20000280   Data          56  thread.o(.bss)
    I_mes                                    0x200002b8   Data          12  thread.o(.bss)
    aTxBuffer                                0x200002c4   Data         200  uart_cgroup.o(.bss)
    huart2                                   0x2000038c   Data          64  uart_cgroup.o(.bss)
    os_messageQ_q_osTimerMessageQ            0x200003cc   Data          32  rtx_conf_cm.o(.bss)
    mp_tcb                                   0x200003ec   Data         376  rtx_conf_cm.o(.bss)
    mp_stk                                   0x20000568   Data        4816  rtx_conf_cm.o(.bss)
    os_stack_mem                             0x20001838   Data         432  rtx_conf_cm.o(.bss)
    os_fifo                                  0x200019e8   Data         132  rtx_conf_cm.o(.bss)
    os_active_TCB                            0x20001a6c   Data          28  rtx_conf_cm.o(.bss)
    os_idle_TCB                              0x20001a88   Data          52  rt_task.o(.bss)
    os_rdy                                   0x20001abc   Data          24  rt_list.o(.bss)
    os_dly                                   0x20001ad4   Data          24  rt_list.o(.bss)
    __heap_base                              0x20001af0   Data           0  startup_stm32f411xe.o(HEAP)
    __heap_limit                             0x20001cf0   Data           0  startup_stm32f411xe.o(HEAP)
    __initial_sp                             0x200020f0   Data           0  startup_stm32f411xe.o(STACK)



==============================================================================

Memory Map of the image

  Image Entry point : 0x08000199

  Load Region LR_IROM1 (Base: 0x08000000, Size: 0x000049f8, Max: 0x00080000, ABSOLUTE)

    Execution Region ER_IROM1 (Base: 0x08000000, Size: 0x00004960, Max: 0x00080000, ABSOLUTE)

    Base Addr    Size         Type   Attr      Idx    E Section Name        Object

    0x08000000   0x00000198   Data   RO         3442    RESET               startup_stm32f411xe.o
    0x08000198   0x00000000   Code   RO         4703  * .ARM.Collect$$$$00000000  mc_w.l(entry.o)
    0x08000198   0x00000004   Code   RO         5019    .ARM.Collect$$$$00000001  mc_w.l(entry2.o)
    0x0800019c   0x00000004   Code   RO         5022    .ARM.Collect$$$$00000004  mc_w.l(entry5.o)
    0x080001a0   0x00000000   Code   RO         5024    .ARM.Collect$$$$00000008  mc_w.l(entry7b.o)
    0x080001a0   0x00000000   Code   RO         5026    .ARM.Collect$$$$0000000A  mc_w.l(entry8b.o)
    0x080001a0   0x00000000   Code   RO         5027    .ARM.Collect$$$$0000000D  mc_w.l(entry10a.o)
    0x080001a0   0x00000000   Code   RO         5029    .ARM.Collect$$$$0000000F  mc_w.l(entry11a.o)
    0x080001a0   0x00000018   Code   RO         3381    .ARM.Collect$$$$000000FF  rtx_conf_cm.o
    0x080001b8   0x00000004   Code   RO         5020    .ARM.Collect$$$$00002712  mc_w.l(entry2.o)
    0x080001bc   0x00000198   Code   RO         4690    .emb_text           RTX_CM4.lib(hal_cm4.o)
    0x08000354   0x00000024   Code   RO         3443    .text               startup_stm32f411xe.o
    0x08000378   0x0000000e   Code   RO         4708    .text               mc_w.l(strlen.o)
    0x08000386   0x00000012   Code   RO         4712    .text               mc_w.l(strcpy.o)
    0x08000398   0x0000014e   Code   RO         5005    .text               mf_w.l(dadd.o)
    0x080004e6   0x000000e4   Code   RO         5007    .text               mf_w.l(dmul.o)
    0x080005ca   0x000000de   Code   RO         5009    .text               mf_w.l(ddiv.o)
    0x080006a8   0x00000022   Code   RO         5011    .text               mf_w.l(dflti.o)
    0x080006ca   0x0000003e   Code   RO         5013    .text               mf_w.l(dfixi.o)
    0x08000708   0x00000026   Code   RO         5015    .text               mf_w.l(f2d.o)
    0x0800072e   0x00000038   Code   RO         5017    .text               mf_w.l(d2f.o)
    0x08000766   0x0000001e   Code   RO         5036    .text               mc_w.l(llshl.o)
    0x08000784   0x00000020   Code   RO         5038    .text               mc_w.l(llushr.o)
    0x080007a4   0x00000024   Code   RO         5040    .text               mc_w.l(llsshr.o)
    0x080007c8   0x00000000   Code   RO         5057    .text               mc_w.l(iusefp.o)
    0x080007c8   0x0000006e   Code   RO         5058    .text               mf_w.l(fepilogue.o)
    0x08000836   0x000000ba   Code   RO         5060    .text               mf_w.l(depilogue.o)
    0x080008f0   0x00000024   Code   RO         5066    .text               mc_w.l(init.o)
    0x08000914   0x00000004   Code   RO         4700    SVC_TABLE           RTX_CM4.lib(svc_table.o)
    0x08000918   0x00000134   Code   RO         1913    i.ADC_Init          stm32f4xx_hal_adc.o
    0x08000a4c   0x0000000e   Code   RO          392    i.CAM_Algo          pwm_cgroup.o
    0x08000a5a   0x00000002   PAD
    0x08000a5c   0x00000154   Code   RO         1915    i.HAL_ADC_ConfigChannel  stm32f4xx_hal_adc.o
    0x08000bb0   0x00000006   Code   RO         1922    i.HAL_ADC_GetValue  stm32f4xx_hal_adc.o
    0x08000bb6   0x0000003a   Code   RO         1924    i.HAL_ADC_Init      stm32f4xx_hal_adc.o
    0x08000bf0   0x00000040   Code   RO          212    i.HAL_ADC_MspInit   stm32f4xx_hal_msp.o
    0x08000c30   0x0000008c   Code   RO         1930    i.HAL_ADC_Start     stm32f4xx_hal_adc.o
    0x08000cbc   0x00000188   Code   RO         3201    i.HAL_GPIO_Init     stm32f4xx_hal_gpio.o
    0x08000e44   0x0000000a   Code   RO         3203    i.HAL_GPIO_ReadPin  stm32f4xx_hal_gpio.o
    0x08000e4e   0x00000008   Code   RO         3204    i.HAL_GPIO_TogglePin  stm32f4xx_hal_gpio.o
    0x08000e56   0x0000000a   Code   RO         3205    i.HAL_GPIO_WritePin  stm32f4xx_hal_gpio.o
    0x08000e60   0x0000000c   Code   RO         2392    i.HAL_GetTick       stm32f4xx_hal.o
    0x08000e6c   0x000000d8   Code   RO         1210    i.HAL_I2C_ER_IRQHandler  stm32f4xx_hal_i2c.o
    0x08000f44   0x00000196   Code   RO         1211    i.HAL_I2C_EV_IRQHandler  stm32f4xx_hal_i2c.o
    0x080010da   0x00000002   Code   RO         1212    i.HAL_I2C_ErrorCallback  stm32f4xx_hal_i2c.o
    0x080010dc   0x00000006   Code   RO         1214    i.HAL_I2C_GetState  stm32f4xx_hal_i2c.o
    0x080010e2   0x00000002   PAD
    0x080010e4   0x00000100   Code   RO         1215    i.HAL_I2C_Init      stm32f4xx_hal_i2c.o
    0x080011e4   0x00000002   Code   RO         1217    i.HAL_I2C_MasterRxCpltCallback  stm32f4xx_hal_i2c.o
    0x080011e6   0x00000002   Code   RO         1218    i.HAL_I2C_MasterTxCpltCallback  stm32f4xx_hal_i2c.o
    0x080011e8   0x00000002   Code   RO         1225    i.HAL_I2C_MemRxCpltCallback  stm32f4xx_hal_i2c.o
    0x080011ea   0x00000002   Code   RO         1226    i.HAL_I2C_MemTxCpltCallback  stm32f4xx_hal_i2c.o
    0x080011ec   0x0000006c   Code   RO          214    i.HAL_I2C_MspInit   stm32f4xx_hal_msp.o
    0x08001258   0x00000002   Code   RO         1235    i.HAL_I2C_SlaveRxCpltCallback  stm32f4xx_hal_i2c.o
    0x0800125a   0x00000002   PAD
    0x0800125c   0x0000000c   Code   RO          316    i.HAL_I2C_SlaveTxCpltCallback  i2c_slave_cgroup.o
    0x08001268   0x00000078   Code   RO         1239    i.HAL_I2C_Slave_Receive_IT  stm32f4xx_hal_i2c.o
    0x080012e0   0x00000034   Code   RO         2394    i.HAL_Init          stm32f4xx_hal.o
    0x08001314   0x00000022   Code   RO         2395    i.HAL_InitTick      stm32f4xx_hal.o
    0x08001336   0x00000016   Code   RO          215    i.HAL_MspInit       stm32f4xx_hal_msp.o
    0x0800134c   0x00000016   Code   RO         2124    i.HAL_NVIC_EnableIRQ  stm32f4xx_hal_cortex.o
    0x08001362   0x00000002   PAD
    0x08001364   0x00000040   Code   RO         2130    i.HAL_NVIC_SetPriority  stm32f4xx_hal_cortex.o
    0x080013a4   0x00000024   Code   RO         2131    i.HAL_NVIC_SetPriorityGrouping  stm32f4xx_hal_cortex.o
    0x080013c8   0x0000020c   Code   RO         1063    i.HAL_RCC_ClockConfig  stm32f4xx_hal_rcc.o
    0x080015d4   0x00000034   Code   RO         1068    i.HAL_RCC_GetHCLKFreq  stm32f4xx_hal_rcc.o
    0x08001608   0x0000002c   Code   RO         1070    i.HAL_RCC_GetPCLK1Freq  stm32f4xx_hal_rcc.o
    0x08001634   0x0000002c   Code   RO         1071    i.HAL_RCC_GetPCLK2Freq  stm32f4xx_hal_rcc.o
    0x08001660   0x00000070   Code   RO         1072    i.HAL_RCC_GetSysClockFreq  stm32f4xx_hal_rcc.o
    0x080016d0   0x0000033c   Code   RO         1075    i.HAL_RCC_OscConfig  stm32f4xx_hal_rcc.o
    0x08001a0c   0x00000018   Code   RO         2133    i.HAL_SYSTICK_CLKSourceConfig  stm32f4xx_hal_cortex.o
    0x08001a24   0x00000028   Code   RO         2135    i.HAL_SYSTICK_Config  stm32f4xx_hal_cortex.o
    0x08001a4c   0x00000050   Code   RO          762    i.HAL_TIMEx_MasterConfigSynchronization  stm32f4xx_hal_tim_ex.o
    0x08001a9c   0x000000d0   Code   RO         2593    i.HAL_TIM_PWM_ConfigChannel  stm32f4xx_hal_tim.o
    0x08001b6c   0x00000036   Code   RO         2596    i.HAL_TIM_PWM_Init  stm32f4xx_hal_tim.o
    0x08001ba2   0x00000002   PAD
    0x08001ba4   0x000000a0   Code   RO          217    i.HAL_TIM_PWM_MspInit  stm32f4xx_hal_msp.o
    0x08001c44   0x00000030   Code   RO         2600    i.HAL_TIM_PWM_Start  stm32f4xx_hal_tim.o
    0x08001c74   0x00000002   Code   RO         1602    i.HAL_UART_ErrorCallback  stm32f4xx_hal_uart.o
    0x08001c76   0x00000002   PAD
    0x08001c78   0x0000010a   Code   RO         1605    i.HAL_UART_IRQHandler  stm32f4xx_hal_uart.o
    0x08001d82   0x0000005e   Code   RO         1606    i.HAL_UART_Init     stm32f4xx_hal_uart.o
    0x08001de0   0x0000005c   Code   RO          219    i.HAL_UART_MspInit  stm32f4xx_hal_msp.o
    0x08001e3c   0x00000002   Code   RO         1612    i.HAL_UART_RxCpltCallback  stm32f4xx_hal_uart.o
    0x08001e3e   0x00000002   PAD
    0x08001e40   0x000000cc   Code   RO         1614    i.HAL_UART_Transmit  stm32f4xx_hal_uart.o
    0x08001f0c   0x00000002   Code   RO         1617    i.HAL_UART_TxCpltCallback  stm32f4xx_hal_uart.o
    0x08001f0e   0x00000002   PAD
    0x08001f10   0x0000000c   Code   RO            4    i.I2C1_ER_IRQHandler  stm32f4xx_it.o
    0x08001f1c   0x0000000c   Code   RO            5    i.I2C1_EV_IRQHandler  stm32f4xx_it.o
    0x08001f28   0x00000080   Code   RO         1250    i.I2C_MasterReceive_BTF  stm32f4xx_hal_i2c.o
    0x08001fa8   0x00000064   Code   RO         1251    i.I2C_MasterReceive_RXNE  stm32f4xx_hal_i2c.o
    0x0800200c   0x0000008a   Code   RO         1256    i.I2C_WaitOnFlagUntilTimeout  stm32f4xx_hal_i2c.o
    0x08002096   0x00000002   PAD
    0x08002098   0x0000010c   Code   RO          466    i.Init_Thread       thread.o
    0x080021a4   0x00000044   Code   RO          283    i.MX_ADC1_Init      adc_cgroup.o
    0x080021e8   0x000000b0   Code   RO          467    i.MX_GPIO_Init      thread.o
    0x08002298   0x00000030   Code   RO          317    i.MX_I2C1_Init      i2c_slave_cgroup.o
    0x080022c8   0x00000094   Code   RO          393    i.MX_PWM_TIM2_Init  pwm_cgroup.o
    0x0800235c   0x00000094   Code   RO          394    i.MX_PWM_TIM3_Init  pwm_cgroup.o
    0x080023f0   0x000000dc   Code   RO          565    i.MX_USART2_UART_Init  uart_cgroup.o
    0x080024cc   0x00000020   Code   RO         2137    i.NVIC_SetPriority  stm32f4xx_hal_cortex.o
    0x080024ec   0x00000068   Code   RO          395    i.PROPULSION_Algo   pwm_cgroup.o
    0x08002554   0x00000028   Code   RO          396    i.PWM_CH1_Pulse     pwm_cgroup.o
    0x0800257c   0x00000028   Code   RO          397    i.PWM_CH2_Pulse     pwm_cgroup.o
    0x080025a4   0x00000028   Code   RO          398    i.PWM_CH3_Pulse     pwm_cgroup.o
    0x080025cc   0x00000028   Code   RO          399    i.PWM_CH4_Pulse     pwm_cgroup.o
    0x080025f4   0x0000000e   Code   RO          400    i.STEERING_Algo     pwm_cgroup.o
    0x08002602   0x00000002   PAD
    0x08002604   0x00000030   Code   RO          567    i.SendStr           uart_cgroup.o
    0x08002634   0x00000088   Code   RO          162    i.SystemClock_Config  main.o
    0x080026bc   0x00000054   Code   RO         3451    i.SystemInit        system_stm32f4xx.o
    0x08002710   0x00000090   Code   RO         2611    i.TIM_Base_SetConfig  stm32f4xx_hal_tim.o
    0x080027a0   0x00000016   Code   RO         2612    i.TIM_CCxChannelCmd  stm32f4xx_hal_tim.o
    0x080027b6   0x00000002   PAD
    0x080027b8   0x00000050   Code   RO         2620    i.TIM_OC1_SetConfig  stm32f4xx_hal_tim.o
    0x08002808   0x00000058   Code   RO         2621    i.TIM_OC2_SetConfig  stm32f4xx_hal_tim.o
    0x08002860   0x00000058   Code   RO         2622    i.TIM_OC3_SetConfig  stm32f4xx_hal_tim.o
    0x080028b8   0x00000044   Code   RO         2623    i.TIM_OC4_SetConfig  stm32f4xx_hal_tim.o
    0x080028fc   0x000000a8   Code   RO         1624    i.UART_Receive_IT   stm32f4xx_hal_uart.o
    0x080029a4   0x00000178   Code   RO         1625    i.UART_SetConfig    stm32f4xx_hal_uart.o
    0x08002b1c   0x00000066   Code   RO         1626    i.UART_Transmit_IT  stm32f4xx_hal_uart.o
    0x08002b82   0x00000092   Code   RO         1627    i.UART_WaitOnFlagUntilTimeout  stm32f4xx_hal_uart.o
    0x08002c14   0x0000000c   Code   RO            6    i.USART2_IRQHandler  stm32f4xx_it.o
    0x08002c20   0x0000000e   Code   RO         5104    i.__scatterload_copy  mc_w.l(handlers.o)
    0x08002c2e   0x00000002   Code   RO         5105    i.__scatterload_null  mc_w.l(handlers.o)
    0x08002c30   0x0000000e   Code   RO         5106    i.__scatterload_zeroinit  mc_w.l(handlers.o)
    0x08002c3e   0x00000046   Code   RO         4563    i._init_box         RTX_CM4.lib(rt_membox.o)
    0x08002c84   0x00000030   Code   RO          284    i.adc1              adc_cgroup.o
    0x08002cb4   0x00000204   Code   RO          468    i.asservissement    thread.o
    0x08002eb8   0x00000020   Code   RO          469    i.blink_led         thread.o
    0x08002ed8   0x00000020   Code   RO          470    i.cam_thread        thread.o
    0x08002ef8   0x00000030   Code   RO         4616    i.dbg_init          RTX_CM4.lib(hal_cm.o)
    0x08002f28   0x00000020   Code   RO         4617    i.dbg_task_notify   RTX_CM4.lib(hal_cm.o)
    0x08002f48   0x00000010   Code   RO         4618    i.dbg_task_switch   RTX_CM4.lib(hal_cm.o)
    0x08002f58   0x00000020   Code   RO          471    i.error_led         thread.o
    0x08002f78   0x0000002a   Code   RO         3487    i.isrMessageGet     RTX_CM4.lib(rt_cmsis.o)
    0x08002fa2   0x0000002c   Code   RO         3488    i.isrMessagePut     RTX_CM4.lib(rt_cmsis.o)
    0x08002fce   0x00000002   PAD
    0x08002fd0   0x00000052   Code   RO         4409    i.isr_mbx_receive   RTX_CM4.lib(rt_mailbox.o)
    0x08003022   0x0000000e   Code   RO         4410    i.isr_mbx_send      RTX_CM4.lib(rt_mailbox.o)
    0x08003030   0x00000048   Code   RO          163    i.main              main.o
    0x08003078   0x0000006c   Code   RO         4976    i.malloc            mc_w.l(malloc.o)
    0x080030e4   0x00000060   Code   RO          472    i.mode_thread       thread.o
    0x08003144   0x00000018   Code   RO         3491    i.osDelay           RTX_CM4.lib(rt_cmsis.o)
    0x0800315c   0x00000024   Code   RO         3492    i.osKernelInitialize  RTX_CM4.lib(rt_cmsis.o)
    0x08003180   0x0000006c   Code   RO         3494    i.osKernelStart     RTX_CM4.lib(rt_cmsis.o)
    0x080031ec   0x00000030   Code   RO         3502    i.osMessageCreate   RTX_CM4.lib(rt_cmsis.o)
    0x0800321c   0x00000018   Code   RO         3503    i.osMessageGet      RTX_CM4.lib(rt_cmsis.o)
    0x08003234   0x00000018   Code   RO         3504    i.osMessagePut      RTX_CM4.lib(rt_cmsis.o)
    0x0800324c   0x00000030   Code   RO         3520    i.osThreadCreate    RTX_CM4.lib(rt_cmsis.o)
    0x0800327c   0x00000018   Code   RO         3521    i.osThreadExit      RTX_CM4.lib(rt_cmsis.o)
    0x08003294   0x00000018   Code   RO         3526    i.osThreadYield     RTX_CM4.lib(rt_cmsis.o)
    0x080032ac   0x0000000c   Code   RO         3527    i.osTimerCall       RTX_CM4.lib(rt_cmsis.o)
    0x080032b8   0x0000002c   Code   RO         3532    i.osTimerThread     RTX_CM4.lib(rt_cmsis.o)
    0x080032e4   0x00000002   Code   RO         3382    i.os_error          rtx_conf_cm.o
    0x080032e6   0x00000002   Code   RO         3383    i.os_idle_demon     rtx_conf_cm.o
    0x080032e8   0x00000028   Code   RO         4197    i.os_tick_init      RTX_CM4.lib(rt_system.o)
    0x08003310   0x00000002   Code   RO         4198    i.os_tick_irqack    RTX_CM4.lib(rt_system.o)
    0x08003312   0x00000002   PAD
    0x08003314   0x000000e0   Code   RO          473    i.prop_thread       thread.o
    0x080033f4   0x0000001c   Code   RO          318    i.read_i2c          i2c_slave_cgroup.o
    0x08003410   0x0000001a   Code   RO         4564    i.rt_alloc_box      RTX_CM4.lib(rt_membox.o)
    0x0800342a   0x0000003e   Code   RO         4592    i.rt_alloc_mem      RTX_CM4.lib(rt_memory.o)
    0x08003468   0x00000038   Code   RO         4112    i.rt_block          RTX_CM4.lib(rt_task.o)
    0x080034a0   0x00000048   Code   RO         4669    i.rt_chk_robin      RTX_CM4.lib(rt_robin.o)
    0x080034e8   0x00000070   Code   RO         4333    i.rt_dec_dly        RTX_CM4.lib(rt_list.o)
    0x08003558   0x00000044   Code   RO         4113    i.rt_dispatch       RTX_CM4.lib(rt_task.o)
    0x0800359c   0x00000006   Code   RO         4499    i.rt_dly_wait       RTX_CM4.lib(rt_time.o)
    0x080035a2   0x00000002   PAD
    0x080035a4   0x00000050   Code   RO         4290    i.rt_evt_psh        RTX_CM4.lib(rt_event.o)
    0x080035f4   0x0000002c   Code   RO         4565    i.rt_free_box       RTX_CM4.lib(rt_membox.o)
    0x08003620   0x00000028   Code   RO         4593    i.rt_free_mem       RTX_CM4.lib(rt_memory.o)
    0x08003648   0x00000028   Code   RO         4334    i.rt_get_first      RTX_CM4.lib(rt_list.o)
    0x08003670   0x00000024   Code   RO         4335    i.rt_get_same_rdy_prio  RTX_CM4.lib(rt_list.o)
    0x08003694   0x00000008   Code   RO         3537    i.rt_id2obj         RTX_CM4.lib(rt_cmsis.o)
    0x0800369c   0x00000048   Code   RO         4114    i.rt_init_context   RTX_CM4.lib(rt_task.o)
    0x080036e4   0x0000001a   Code   RO         4594    i.rt_init_mem       RTX_CM4.lib(rt_memory.o)
    0x080036fe   0x00000002   PAD
    0x08003700   0x00000018   Code   RO         4670    i.rt_init_robin     RTX_CM4.lib(rt_robin.o)
    0x08003718   0x00000080   Code   RO         4619    i.rt_init_stack     RTX_CM4.lib(hal_cm.o)
    0x08003798   0x00000008   Code   RO         4411    i.rt_mbx_check      RTX_CM4.lib(rt_mailbox.o)
    0x080037a0   0x0000001a   Code   RO         4412    i.rt_mbx_init       RTX_CM4.lib(rt_mailbox.o)
    0x080037ba   0x00000002   PAD
    0x080037bc   0x000000f0   Code   RO         4413    i.rt_mbx_psh        RTX_CM4.lib(rt_mailbox.o)
    0x080038ac   0x00000098   Code   RO         4414    i.rt_mbx_send       RTX_CM4.lib(rt_mailbox.o)
    0x08003944   0x000000b4   Code   RO         4415    i.rt_mbx_wait       RTX_CM4.lib(rt_mailbox.o)
    0x080039f8   0x00000044   Code   RO         3538    i.rt_ms2tick        RTX_CM4.lib(rt_cmsis.o)
    0x08003a3c   0x0000007c   Code   RO         4201    i.rt_pop_req        RTX_CM4.lib(rt_system.o)
    0x08003ab8   0x00000020   Code   RO         4202    i.rt_psh_req        RTX_CM4.lib(rt_system.o)
    0x08003ad8   0x0000005c   Code   RO         4336    i.rt_psq_enq        RTX_CM4.lib(rt_list.o)
    0x08003b34   0x00000048   Code   RO         4337    i.rt_put_dly        RTX_CM4.lib(rt_list.o)
    0x08003b7c   0x00000036   Code   RO         4338    i.rt_put_prio       RTX_CM4.lib(rt_list.o)
    0x08003bb2   0x00000002   PAD
    0x08003bb4   0x00000014   Code   RO         4339    i.rt_put_rdy_first  RTX_CM4.lib(rt_list.o)
    0x08003bc8   0x00000034   Code   RO         4340    i.rt_resort_prio    RTX_CM4.lib(rt_list.o)
    0x08003bfc   0x00000010   Code   RO         4620    i.rt_ret_regs       RTX_CM4.lib(hal_cm.o)
    0x08003c0c   0x0000000c   Code   RO         4621    i.rt_ret_val        RTX_CM4.lib(hal_cm.o)
    0x08003c18   0x00000010   Code   RO         4622    i.rt_ret_val2       RTX_CM4.lib(hal_cm.o)
    0x08003c28   0x00000028   Code   RO         4341    i.rt_rmv_dly        RTX_CM4.lib(rt_list.o)
    0x08003c50   0x00000030   Code   RO         4342    i.rt_rmv_list       RTX_CM4.lib(rt_list.o)
    0x08003c80   0x00000034   Code   RO         4460    i.rt_sem_psh        RTX_CM4.lib(rt_semaphore.o)
    0x08003cb4   0x00000024   Code   RO         4204    i.rt_stk_check      RTX_CM4.lib(rt_system.o)
    0x08003cd8   0x00000028   Code   RO         4115    i.rt_switch_req     RTX_CM4.lib(rt_task.o)
    0x08003d00   0x000000cc   Code   RO         4116    i.rt_sys_init       RTX_CM4.lib(rt_task.o)
    0x08003dcc   0x00000078   Code   RO         4117    i.rt_sys_start      RTX_CM4.lib(rt_task.o)
    0x08003e44   0x00000040   Code   RO         4206    i.rt_systick        RTX_CM4.lib(rt_system.o)
    0x08003e84   0x00000012   Code   RO         3539    i.rt_tid2ptcb       RTX_CM4.lib(rt_cmsis.o)
    0x08003e96   0x00000002   PAD
    0x08003e98   0x00000034   Code   RO         3540    i.rt_timer_insert   RTX_CM4.lib(rt_cmsis.o)
    0x08003ecc   0x00000088   Code   RO         4118    i.rt_tsk_create     RTX_CM4.lib(rt_task.o)
    0x08003f54   0x00000178   Code   RO         4119    i.rt_tsk_delete     RTX_CM4.lib(rt_task.o)
    0x080040cc   0x00000030   Code   RO         4120    i.rt_tsk_pass       RTX_CM4.lib(rt_task.o)
    0x080040fc   0x0000007c   Code   RO         4121    i.rt_tsk_prio       RTX_CM4.lib(rt_task.o)
    0x08004178   0x00000010   Code   RO         4122    i.rt_tsk_self       RTX_CM4.lib(rt_task.o)
    0x08004188   0x00000020   Code   RO          474    i.steer_thread      thread.o
    0x080041a8   0x00000012   Code   RO         3542    i.svcDelay          RTX_CM4.lib(rt_cmsis.o)
    0x080041ba   0x00000002   PAD
    0x080041bc   0x00000070   Code   RO         3543    i.svcKernelInitialize  RTX_CM4.lib(rt_cmsis.o)
    0x0800422c   0x00000048   Code   RO         3545    i.svcKernelStart    RTX_CM4.lib(rt_cmsis.o)
    0x08004274   0x00000024   Code   RO         3548    i.svcMessageCreate  RTX_CM4.lib(rt_cmsis.o)
    0x08004298   0x0000003a   Code   RO         3549    i.svcMessageGet     RTX_CM4.lib(rt_cmsis.o)
    0x080042d2   0x00000036   Code   RO         3550    i.svcMessagePut     RTX_CM4.lib(rt_cmsis.o)
    0x08004308   0x00000070   Code   RO         3563    i.svcThreadCreate   RTX_CM4.lib(rt_cmsis.o)
    0x08004378   0x0000001c   Code   RO         3564    i.svcThreadGetId    RTX_CM4.lib(rt_cmsis.o)
    0x08004394   0x00000038   Code   RO         3567    i.svcThreadTerminate  RTX_CM4.lib(rt_cmsis.o)
    0x080043cc   0x0000000a   Code   RO         3568    i.svcThreadYield    RTX_CM4.lib(rt_cmsis.o)
    0x080043d6   0x00000018   Code   RO         3569    i.svcTimerCall      RTX_CM4.lib(rt_cmsis.o)
    0x080043ee   0x00000002   PAD
    0x080043f0   0x0000005c   Code   RO         3578    i.sysTimerTick      RTX_CM4.lib(rt_cmsis.o)
    0x0800444c   0x00000054   Code   RO          475    i.uart_i2c_thread   thread.o
    0x080044a0   0x00000068   Data   RO          483    .constdata          thread.o
    0x08004508   0x00000010   Data   RO         1076    .constdata          stm32f4xx_hal_rcc.o
    0x08004518   0x00000002   Data   RO         3390    .constdata          rtx_conf_cm.o
    0x0800451a   0x00000002   PAD
    0x0800451c   0x00000004   Data   RO         3391    .constdata          rtx_conf_cm.o
    0x08004520   0x00000004   Data   RO         3392    .constdata          rtx_conf_cm.o
    0x08004524   0x00000004   Data   RO         3396    .constdata          rtx_conf_cm.o
    0x08004528   0x00000001   Data   RO         3397    .constdata          rtx_conf_cm.o
    0x08004529   0x00000003   PAD
    0x0800452c   0x00000010   Data   RO         3398    .constdata          rtx_conf_cm.o
    0x0800453c   0x00000002   Data   RO         3399    .constdata          rtx_conf_cm.o
    0x0800453e   0x00000002   PAD
    0x08004540   0x00000004   Data   RO         3400    .constdata          rtx_conf_cm.o
    0x08004544   0x00000004   Data   RO         3401    .constdata          rtx_conf_cm.o
    0x08004548   0x00000001   Data   RO         3402    .constdata          rtx_conf_cm.o
    0x08004549   0x00000003   PAD
    0x0800454c   0x00000010   Data   RO         3403    .constdata          rtx_conf_cm.o
    0x0800455c   0x00000008   Data   RO         3404    .constdata          rtx_conf_cm.o
    0x08004564   0x00000002   Data   RO         3405    .constdata          rtx_conf_cm.o
    0x08004566   0x00000002   PAD
    0x08004568   0x000003d8   Data   RO          570    .conststring        uart_cgroup.o
    0x08004940   0x00000020   Data   RO         5102    Region$$Table       anon$$obj.o


    Execution Region RW_IRAM1 (Base: 0x20000000, Size: 0x000020f0, Max: 0x00020000, ABSOLUTE)

    Base Addr    Size         Type   Attr      Idx    E Section Name        Object

    0x20000000   0x00000044   Data   RW          484    .data               thread.o
    0x20000044   0x00000004   Data   RW         2400    .data               stm32f4xx_hal.o
    0x20000048   0x00000004   Data   RW         3407    .data               rtx_conf_cm.o
    0x2000004c   0x00000010   Data   RW         3408    .data               rtx_conf_cm.o
    0x2000005c   0x00000004   Data   RW         3409    .data               rtx_conf_cm.o
    0x20000060   0x00000004   Data   RW         3410    .data               rtx_conf_cm.o
    0x20000064   0x00000004   Data   RW         3453    .data               system_stm32f4xx.o
    0x20000068   0x00000008   Data   RW         3581    .data               RTX_CM4.lib(rt_cmsis.o)
    0x20000070   0x00000008   Data   RW         4124    .data               RTX_CM4.lib(rt_task.o)
    0x20000078   0x00000008   Data   RW         4209    .data               RTX_CM4.lib(rt_system.o)
    0x20000080   0x00000004   Data   RW         4503    .data               RTX_CM4.lib(rt_time.o)
    0x20000084   0x00000001   Data   RW         4623    .data               RTX_CM4.lib(hal_cm.o)
    0x20000085   0x00000003   PAD
    0x20000088   0x00000008   Data   RW         4671    .data               RTX_CM4.lib(rt_robin.o)
    0x20000090   0x00000004   Data   RW         5046    .data               mc_w.l(mvars.o)
    0x20000094   0x00000004   Data   RW         5047    .data               mc_w.l(mvars.o)
    0x20000098   0x00000054   Zero   RW          285    .bss                adc_cgroup.o
    0x200000ec   0x0000003c   Zero   RW          320    .bss                i2c_slave_cgroup.o
    0x20000128   0x000000e8   Zero   RW          401    .bss                pwm_cgroup.o
    0x20000210   0x00000038   Zero   RW          476    .bss                thread.o
    0x20000248   0x00000038   Zero   RW          477    .bss                thread.o
    0x20000280   0x00000038   Zero   RW          478    .bss                thread.o
    0x200002b8   0x0000000c   Zero   RW          482    .bss                thread.o
    0x200002c4   0x00000108   Zero   RW          569    .bss                uart_cgroup.o
    0x200003cc   0x00000020   Zero   RW         3384    .bss                rtx_conf_cm.o
    0x200003ec   0x00000178   Zero   RW         3385    .bss                rtx_conf_cm.o
    0x20000564   0x00000004   PAD
    0x20000568   0x000012d0   Zero   RW         3386    .bss                rtx_conf_cm.o
    0x20001838   0x000001b0   Zero   RW         3387    .bss                rtx_conf_cm.o
    0x200019e8   0x00000084   Zero   RW         3388    .bss                rtx_conf_cm.o
    0x20001a6c   0x0000001c   Zero   RW         3389    .bss                rtx_conf_cm.o
    0x20001a88   0x00000034   Zero   RW         4123    .bss                RTX_CM4.lib(rt_task.o)
    0x20001abc   0x00000030   Zero   RW         4343    .bss                RTX_CM4.lib(rt_list.o)
    0x20001aec   0x00000004   PAD
    0x20001af0   0x00000200   Zero   RW         3441    HEAP                startup_stm32f411xe.o
    0x20001cf0   0x00000400   Zero   RW         3440    STACK               startup_stm32f411xe.o


==============================================================================

Image component sizes


      Code (inc. data)   RO Data    RW Data    ZI Data      Debug   Object Name

       116         12          0          0         84       1286   adc_cgroup.o
        88         20          0          0         60       2218   i2c_slave_cgroup.o
       208         14          0          0          0       1648   main.o
       588         64          0          0        232       5729   pwm_cgroup.o
        28          6         68         28       5816       7584   rtx_conf_cm.o
        36          8        408          0       1536        860   startup_stm32f411xe.o
        98         10          0          4          0       3084   stm32f4xx_hal.o
       852         38          0          0          0       4098   stm32f4xx_hal_adc.o
       218         14          0          0          0      30593   stm32f4xx_hal_cortex.o
       420         34          0          0          0       3776   stm32f4xx_hal_gpio.o
      1382         16          0          0          0      11693   stm32f4xx_hal_i2c.o
       446         60          0          0          0       3639   stm32f4xx_hal_msp.o
      1604         70         16          0          0       6179   stm32f4xx_hal_rcc.o
       800         56          0          0          0       7796   stm32f4xx_hal_tim.o
        80          0          0          0          0       1300   stm32f4xx_hal_tim_ex.o
      1362         10          0          0          0       8455   stm32f4xx_hal_uart.o
        36         18          0          0          0     259152   stm32f4xx_it.o
        84         18          0          4          0       1241   system_stm32f4xx.o
      1492        220        104         68        180       8462   thread.o
       268        116        984          0        264       2027   uart_cgroup.o

    ----------------------------------------------------------------------
     10228        804       1624        104       8176     370820   Object Totals
         0          0         32          0          0          0   (incl. Generated)
        22          0         12          0          4          0   (incl. Padding)

    ----------------------------------------------------------------------

      Code (inc. data)   RO Data    RW Data    ZI Data      Debug   Library Member Name

       268         24          0          1          0       4372   hal_cm.o
       408         34          0          0          0        804   hal_cm4.o
      1320        166          0          8          0      37945   rt_cmsis.o
        80          4          0          0          0        689   rt_event.o
       566         44          0          0         48       9096   rt_list.o
       702         14          0          0          0       4995   rt_mailbox.o
       140          0          0          0          0       2009   rt_membox.o
       128          0          0          0          0       2383   rt_memory.o
        96         22          0          8          0       1206   rt_robin.o
        52          4          0          0          0        605   rt_semaphore.o
       298         52          0          8          0       6379   rt_system.o
      1260        184          0          8         52      10459   rt_task.o
         6          0          0          4          0        668   rt_time.o
         4          4          0          0          0        188   svc_table.o
         0          0          0          0          0          0   entry.o
         0          0          0          0          0          0   entry10a.o
         0          0          0          0          0          0   entry11a.o
         8          4          0          0          0          0   entry2.o
         4          0          0          0          0          0   entry5.o
         0          0          0          0          0          0   entry7b.o
         0          0          0          0          0          0   entry8b.o
        30          0          0          0          0          0   handlers.o
        36          8          0          0          0         68   init.o
         0          0          0          0          0          0   iusefp.o
        30          0          0          0          0         68   llshl.o
        36          0          0          0          0         68   llsshr.o
        32          0          0          0          0         68   llushr.o
       108         16          0          0          0         84   malloc.o
         0          0          0          8          0          0   mvars.o
        18          0          0          0          0         68   strcpy.o
        14          0          0          0          0         68   strlen.o
        56          0          0          0          0         88   d2f.o
       334          0          0          0          0        148   dadd.o
       222          0          0          0          0        100   ddiv.o
       186          0          0          0          0        176   depilogue.o
        62          0          0          0          0         80   dfixi.o
        34          0          0          0          0         76   dflti.o
       228          0          0          0          0         96   dmul.o
        38          0          0          0          0         68   f2d.o
       110          0          0          0          0        168   fepilogue.o

    ----------------------------------------------------------------------
      6932        580          0         48        104      83290   Library Totals
        18          0          0          3          4          0   (incl. Padding)

    ----------------------------------------------------------------------

      Code (inc. data)   RO Data    RW Data    ZI Data      Debug   Library Name

      5328        552          0         37        100      81798   RTX_CM4.lib
       316         28          0          8          0        492   mc_w.l
      1270          0          0          0          0       1000   mf_w.l

    ----------------------------------------------------------------------
      6932        580          0         48        104      83290   Library Totals

    ----------------------------------------------------------------------

==============================================================================


      Code (inc. data)   RO Data    RW Data    ZI Data      Debug   

     17160       1384       1624        152       8280     436338   Grand Totals
     17160       1384       1624        152       8280     436338   ELF Image Totals
     17160       1384       1624        152          0          0   ROM Totals

==============================================================================

    Total RO  Size (Code + RO Data)                18784 (  18.34kB)
    Total RW  Size (RW Data + ZI Data)              8432 (   8.23kB)
    Total ROM Size (Code + RO Data + RW Data)      18936 (  18.49kB)

==============================================================================

